Archive member included to satisfy reference by file (symbol)

/usr/local/cuda/bin/../targets/x86_64-linux/lib/libcudart_static.a(cudart_static.o)
                              asyncAPI.o (cudaGetDeviceProperties_v2)
/usr/lib/x86_64-linux-gnu/libc_nonshared.a(atexit.oS)
                              asyncAPI.o (atexit)

Merging program properties

Removed property 0xc0000002 to merge /usr/lib/gcc/x86_64-linux-gnu/11/../../../x86_64-linux-gnu/Scrt1.o (0x3) and /usr/local/cuda/bin/../targets/x86_64-linux/lib/libcudart_static.a(cudart_static.o) (not found)
Removed property 0xc0000002 to merge /usr/lib/gcc/x86_64-linux-gnu/11/../../../x86_64-linux-gnu/Scrt1.o (not found) and /usr/lib/x86_64-linux-gnu/libc_nonshared.a(atexit.oS) (0x3)
Removed property 0xc0000002 to merge /usr/lib/gcc/x86_64-linux-gnu/11/../../../x86_64-linux-gnu/Scrt1.o (not found) and /usr/lib/gcc/x86_64-linux-gnu/11/crtendS.o (0x3)
Removed property 0xc0000002 to merge /usr/lib/gcc/x86_64-linux-gnu/11/../../../x86_64-linux-gnu/Scrt1.o (not found) and /usr/lib/gcc/x86_64-linux-gnu/11/../../../x86_64-linux-gnu/crtn.o (0x3)

As-needed library included to satisfy reference by file (symbol)

libstdc++.so.6                asyncAPI.o (std::ios_base::Init::~Init()@@GLIBCXX_3.4)
libc.so.6                     /usr/local/cuda/bin/../targets/x86_64-linux/lib/libcudart_static.a(cudart_static.o) (pthread_rwlock_timedwrlock@@GLIBC_2.34)
ld-linux-x86-64.so.2          /usr/local/cuda/bin/../targets/x86_64-linux/lib/libcudart_static.a(cudart_static.o) (__tls_get_addr@@GLIBC_2.3)

Discarded input sections

 .note.GNU-stack
                0x0000000000000000        0x0 /usr/lib/gcc/x86_64-linux-gnu/11/../../../x86_64-linux-gnu/Scrt1.o
 .note.gnu.property
                0x0000000000000000       0x20 /usr/lib/gcc/x86_64-linux-gnu/11/../../../x86_64-linux-gnu/crti.o
 .note.GNU-stack
                0x0000000000000000        0x0 /usr/lib/gcc/x86_64-linux-gnu/11/../../../x86_64-linux-gnu/crti.o
 .note.GNU-stack
                0x0000000000000000        0x0 /usr/lib/gcc/x86_64-linux-gnu/11/crtbeginS.o
 .note.gnu.property
                0x0000000000000000       0x20 /usr/lib/gcc/x86_64-linux-gnu/11/crtbeginS.o
 .note.GNU-stack
                0x0000000000000000        0x0 /tmp/tmpxft_0000b254_00000000-7_asyncAPI_dlink.o
 .note.gnu.property
                0x0000000000000000       0x20 /tmp/tmpxft_0000b254_00000000-7_asyncAPI_dlink.o
 .group         0x0000000000000000        0x8 asyncAPI.o
 .group         0x0000000000000000        0xc asyncAPI.o
 .group         0x0000000000000000        0xc asyncAPI.o
 .group         0x0000000000000000        0xc asyncAPI.o
 .group         0x0000000000000000        0xc asyncAPI.o
 .group         0x0000000000000000        0xc asyncAPI.o
 .group         0x0000000000000000        0xc asyncAPI.o
 .group         0x0000000000000000        0xc asyncAPI.o
 .group         0x0000000000000000        0xc asyncAPI.o
 .group         0x0000000000000000        0xc asyncAPI.o
 .group         0x0000000000000000       0x14 asyncAPI.o
 .group         0x0000000000000000        0xc asyncAPI.o
 .group         0x0000000000000000       0x14 asyncAPI.o
 .group         0x0000000000000000        0xc asyncAPI.o
 .group         0x0000000000000000        0xc asyncAPI.o
 .group         0x0000000000000000        0xc asyncAPI.o
 .group         0x0000000000000000        0xc asyncAPI.o
 .group         0x0000000000000000        0x8 asyncAPI.o
 .group         0x0000000000000000        0xc asyncAPI.o
 .group         0x0000000000000000        0xc asyncAPI.o
 .group         0x0000000000000000        0x8 asyncAPI.o
 .group         0x0000000000000000        0x8 asyncAPI.o
 .group         0x0000000000000000        0x8 asyncAPI.o
 .group         0x0000000000000000        0xc asyncAPI.o
 .group         0x0000000000000000        0xc asyncAPI.o
 .group         0x0000000000000000        0xc asyncAPI.o
 .group         0x0000000000000000        0xc asyncAPI.o
 .group         0x0000000000000000        0xc asyncAPI.o
 .group         0x0000000000000000        0x8 asyncAPI.o
 .group         0x0000000000000000        0xc asyncAPI.o
 .group         0x0000000000000000        0x8 asyncAPI.o
 .note.GNU-stack
                0x0000000000000000        0x0 asyncAPI.o
 .note.gnu.property
                0x0000000000000000       0x20 asyncAPI.o
 .group         0x0000000000000000        0x8 /usr/local/cuda/bin/../targets/x86_64-linux/lib/libcudart_static.a(cudart_static.o)
 .group         0x0000000000000000        0x8 /usr/local/cuda/bin/../targets/x86_64-linux/lib/libcudart_static.a(cudart_static.o)
 .group         0x0000000000000000        0x8 /usr/local/cuda/bin/../targets/x86_64-linux/lib/libcudart_static.a(cudart_static.o)
 .group         0x0000000000000000        0x8 /usr/local/cuda/bin/../targets/x86_64-linux/lib/libcudart_static.a(cudart_static.o)
 .group         0x0000000000000000        0x8 /usr/local/cuda/bin/../targets/x86_64-linux/lib/libcudart_static.a(cudart_static.o)
[...]
Memory Configuration

Name             Origin             Length             Attributes
*default*        0x0000000000000000 0xffffffffffffffff

Linker script and memory map

LOAD /usr/lib/gcc/x86_64-linux-gnu/11/../../../x86_64-linux-gnu/Scrt1.o
LOAD /usr/lib/gcc/x86_64-linux-gnu/11/../../../x86_64-linux-gnu/crti.o
LOAD /usr/lib/gcc/x86_64-linux-gnu/11/crtbeginS.o
START GROUP
LOAD /tmp/tmpxft_0000b254_00000000-7_asyncAPI_dlink.o
LOAD asyncAPI.o
LOAD /usr/local/cuda/bin/../targets/x86_64-linux/lib/libcudadevrt.a
LOAD /usr/local/cuda/bin/../targets/x86_64-linux/lib/libcudart_static.a
LOAD /usr/lib/gcc/x86_64-linux-gnu/11/../../../x86_64-linux-gnu/librt.a
LOAD /usr/lib/gcc/x86_64-linux-gnu/11/../../../x86_64-linux-gnu/libpthread.a
LOAD /usr/lib/gcc/x86_64-linux-gnu/11/../../../x86_64-linux-gnu/libdl.a
END GROUP
LOAD /usr/lib/gcc/x86_64-linux-gnu/11/libstdc++.so
LOAD /usr/lib/gcc/x86_64-linux-gnu/11/../../../x86_64-linux-gnu/libm.so
START GROUP
LOAD /lib/x86_64-linux-gnu/libm.so.6
LOAD /lib/x86_64-linux-gnu/libmvec.so.1
END GROUP
LOAD /usr/lib/gcc/x86_64-linux-gnu/11/libgcc_s.so
START GROUP
LOAD /usr/lib/gcc/x86_64-linux-gnu/11/../../../x86_64-linux-gnu/libgcc_s.so.1
LOAD /usr/lib/gcc/x86_64-linux-gnu/11/libgcc.a
END GROUP
LOAD /usr/lib/gcc/x86_64-linux-gnu/11/libgcc.a
LOAD /usr/lib/gcc/x86_64-linux-gnu/11/../../../x86_64-linux-gnu/libc.so
START GROUP
LOAD /lib/x86_64-linux-gnu/libc.so.6
LOAD /usr/lib/x86_64-linux-gnu/libc_nonshared.a
LOAD /lib64/ld-linux-x86-64.so.2
END GROUP
LOAD /usr/lib/gcc/x86_64-linux-gnu/11/libgcc_s.so
START GROUP
LOAD /usr/lib/gcc/x86_64-linux-gnu/11/../../../x86_64-linux-gnu/libgcc_s.so.1
LOAD /usr/lib/gcc/x86_64-linux-gnu/11/libgcc.a
END GROUP
LOAD /usr/lib/gcc/x86_64-linux-gnu/11/libgcc.a
LOAD /usr/lib/gcc/x86_64-linux-gnu/11/crtendS.o
LOAD /usr/lib/gcc/x86_64-linux-gnu/11/../../../x86_64-linux-gnu/crtn.o
                [!provide]                        PROVIDE (__executable_start = SEGMENT_START ("text-segment", 0x0))
                0x0000000000000350                . = (SEGMENT_START ("text-segment", 0x0) + SIZEOF_HEADERS)

.interp         0x0000000000000350       0x1c
 *(.interp)
 .interp        0x0000000000000350       0x1c /usr/lib/gcc/x86_64-linux-gnu/11/../../../x86_64-linux-gnu/Scrt1.o

.note.gnu.property
                0x0000000000000370       0x20
 .note.gnu.property
                0x0000000000000370       0x20 /usr/lib/gcc/x86_64-linux-gnu/11/../../../x86_64-linux-gnu/Scrt1.o

.note.gnu.build-id
                0x0000000000000390       0x24
 *(.note.gnu.build-id)
 .note.gnu.build-id
                0x0000000000000390       0x24 /usr/lib/gcc/x86_64-linux-gnu/11/../../../x86_64-linux-gnu/Scrt1.o

.note.ABI-tag   0x00000000000003b4       0x20
 .note.ABI-tag  0x00000000000003b4       0x20 /usr/lib/gcc/x86_64-linux-gnu/11/../../../x86_64-linux-gnu/Scrt1.o

.hash
 *(.hash)

.gnu.hash       0x00000000000003d8       0x28
 *(.gnu.hash)
 .gnu.hash      0x00000000000003d8       0x28 /usr/lib/gcc/x86_64-linux-gnu/11/../../../x86_64-linux-gnu/Scrt1.o

.dynsym         0x0000000000000400     0x1020
 *(.dynsym)
 .dynsym        0x0000000000000400     0x1020 /usr/lib/gcc/x86_64-linux-gnu/11/../../../x86_64-linux-gnu/Scrt1.o

.dynstr         0x0000000000001420      0x867
 *(.dynstr)
 .dynstr        0x0000000000001420      0x867 /usr/lib/gcc/x86_64-linux-gnu/11/../../../x86_64-linux-gnu/Scrt1.o

.gnu.version    0x0000000000001c88      0x158
 *(.gnu.version)
 .gnu.version   0x0000000000001c88      0x158 /usr/lib/gcc/x86_64-linux-gnu/11/../../../x86_64-linux-gnu/Scrt1.o

.gnu.version_d  0x0000000000001de0        0x0
 *(.gnu.version_d)
 .gnu.version_d
                0x0000000000001de0        0x0 /usr/lib/gcc/x86_64-linux-gnu/11/../../../x86_64-linux-gnu/Scrt1.o

.gnu.version_r  0x0000000000001de0       0xe0
 *(.gnu.version_r)
 .gnu.version_r
                0x0000000000001de0       0xe0 /usr/lib/gcc/x86_64-linux-gnu/11/../../../x86_64-linux-gnu/Scrt1.o

.rela.dyn       0x0000000000001ec0     0x6f00
 *(.rela.init)
 *(.rela.text .rela.text.* .rela.gnu.linkonce.t.*)
 .rela.text._Z13gpuDeviceIniti
                0x0000000000001ec0        0x0 /usr/lib/gcc/x86_64-linux-gnu/11/../../../x86_64-linux-gnu/Scrt1.o
 .rela.text._Z23gpuGetMaxGflopsDeviceIdv
                0x0000000000001ec0        0x0 /usr/lib/gcc/x86_64-linux-gnu/11/../../../x86_64-linux-gnu/Scrt1.o
 .rela.text._ZN18StopWatchInterfaceC2Ev
                0x0000000000001ec0        0x0 /usr/lib/gcc/x86_64-linux-gnu/11/../../../x86_64-linux-gnu/Scrt1.o
 .rela.text._ZN18StopWatchInterfaceD2Ev
                0x0000000000001ec0        0x0 /usr/lib/gcc/x86_64-linux-gnu/11/../../../x86_64-linux-gnu/Scrt1.o
 .rela.text._ZN14StopWatchLinuxC2Ev
                0x0000000000001ec0        0x0 /usr/lib/gcc/x86_64-linux-gnu/11/../../../x86_64-linux-gnu/Scrt1.o
 .rela.text._ZN14StopWatchLinuxD2Ev
                0x0000000000001ec0        0x0 /usr/lib/gcc/x86_64-linux-gnu/11/../../../x86_64-linux-gnu/Scrt1.o
 .rela.text._Z5checkI9cudaErrorEvT_PKcS3_i
                0x0000000000001ec0        0x0 /usr/lib/gcc/x86_64-linux-gnu/11/../../../x86_64-linux-gnu/Scrt1.o
 .rela.text     0x0000000000001ec0        0x0 /usr/lib/gcc/x86_64-linux-gnu/11/../../../x86_64-linux-gnu/Scrt1.o
 .rela.text.startup
                0x0000000000001ec0        0x0 /usr/lib/gcc/x86_64-linux-gnu/11/../../../x86_64-linux-gnu/Scrt1.o
 *(.rela.fini)
 *(.rela.rodata .rela.rodata.* .rela.gnu.linkonce.r.*)
 *(.rela.data .rela.data.* .rela.gnu.linkonce.d.*)
 .rela.data.rel.ro
                0x0000000000001ec0       0x90 /usr/lib/gcc/x86_64-linux-gnu/11/../../../x86_64-linux-gnu/Scrt1.o
 .rela.data.rel.local
                0x0000000000001f50       0x48 /usr/lib/gcc/x86_64-linux-gnu/11/../../../x86_64-linux-gnu/Scrt1.o
 .rela.data     0x0000000000001f98      0x1c8 /usr/lib/gcc/x86_64-linux-gnu/11/../../../x86_64-linux-gnu/Scrt1.o
 .rela.data.rel.ro.local._ZTV14StopWatchLinux
                0x0000000000002160       0xc0 /usr/lib/gcc/x86_64-linux-gnu/11/../../../x86_64-linux-gnu/Scrt1.o
 .rela.data.rel.ro._ZTV18StopWatchInterface
                0x0000000000002220       0x90 /usr/lib/gcc/x86_64-linux-gnu/11/../../../x86_64-linux-gnu/Scrt1.o
 .rela.data.rel.ro._ZTI14StopWatchLinux
                0x00000000000022b0       0x48 /usr/lib/gcc/x86_64-linux-gnu/11/../../../x86_64-linux-gnu/Scrt1.o
 .rela.data.rel.ro._ZTI18StopWatchInterface
                0x00000000000022f8       0x30 /usr/lib/gcc/x86_64-linux-gnu/11/../../../x86_64-linux-gnu/Scrt1.o
 .rela.data.rel.ro.local
                0x0000000000002328     0x6900 /usr/lib/gcc/x86_64-linux-gnu/11/../../../x86_64-linux-gnu/Scrt1.o
 *(.rela.tdata .rela.tdata.* .rela.gnu.linkonce.td.*)
 *(.rela.tbss .rela.tbss.* .rela.gnu.linkonce.tb.*)
 *(.rela.ctors)
 *(.rela.dtors)
 *(.rela.got)
 .rela.got      0x0000000000008c28       0x90 /usr/lib/gcc/x86_64-linux-gnu/11/../../../x86_64-linux-gnu/Scrt1.o
 *(.rela.bss .rela.bss.* .rela.gnu.linkonce.b.*)
 .rela.bss      0x0000000000008cb8       0x18 /usr/lib/gcc/x86_64-linux-gnu/11/../../../x86_64-linux-gnu/Scrt1.o
 *(.rela.ldata .rela.ldata.* .rela.gnu.linkonce.l.*)
 *(.rela.lbss .rela.lbss.* .rela.gnu.linkonce.lb.*)
 *(.rela.lrodata .rela.lrodata.* .rela.gnu.linkonce.lr.*)
 *(.rela.ifunc)
 .rela.ifunc    0x0000000000008cd0        0x0 /usr/lib/gcc/x86_64-linux-gnu/11/../../../x86_64-linux-gnu/Scrt1.o
 .rela.fini_array
                0x0000000000008cd0       0x30 /usr/lib/gcc/x86_64-linux-gnu/11/../../../x86_64-linux-gnu/Scrt1.o
 .rela.init_array
                0x0000000000008d00       0x60 /usr/lib/gcc/x86_64-linux-gnu/11/../../../x86_64-linux-gnu/Scrt1.o
 .rela.nvFatBinSegment
                0x0000000000008d60       0x48 /usr/lib/gcc/x86_64-linux-gnu/11/../../../x86_64-linux-gnu/Scrt1.o
 .rela.init_array.00150
                0x0000000000008da8       0x18 /usr/lib/gcc/x86_64-linux-gnu/11/../../../x86_64-linux-gnu/Scrt1.o

.rela.plt       0x0000000000008dc0      0xf18
 *(.rela.plt)
 .rela.plt      0x0000000000008dc0      0xf18 /usr/lib/gcc/x86_64-linux-gnu/11/../../../x86_64-linux-gnu/Scrt1.o
 *(.rela.iplt)

.relr.dyn
 *(.relr.dyn)
                0x000000000000a000                . = ALIGN (CONSTANT (MAXPAGESIZE))

.init           0x000000000000a000       0x1b
 *(SORT_NONE(.init))
 .init          0x000000000000a000       0x16 /usr/lib/gcc/x86_64-linux-gnu/11/../../../x86_64-linux-gnu/crti.o
                0x000000000000a000                _init
 .init          0x000000000000a016        0x5 /usr/lib/gcc/x86_64-linux-gnu/11/../../../x86_64-linux-gnu/crtn.o

.plt            0x000000000000a020      0xa20
 *(.plt)
 .plt           0x000000000000a020      0xa20 /usr/lib/gcc/x86_64-linux-gnu/11/../../../x86_64-linux-gnu/Scrt1.o
                0x000000000000a030                ftell@@GLIBC_2.2.5
                0x000000000000a040                pthread_cond_signal@@GLIBC_2.3.2
                0x000000000000a050                getegid@@GLIBC_2.2.5
                0x000000000000a060                __errno_location@@GLIBC_2.2.5
                0x000000000000a070                printf@@GLIBC_2.2.5
                0x000000000000a080                pthread_mutexattr_init@@GLIBC_2.34
                0x000000000000a090                syscall@@GLIBC_2.2.5
                0x000000000000a0a0                uname@@GLIBC_2.2.5
                0x000000000000a0b0                pthread_condattr_init@@GLIBC_2.2.5
                0x000000000000a0c0                get_nprocs@@GLIBC_2.2.5
                0x000000000000a0d0                mkfifo@@GLIBC_2.2.5
                0x000000000000a0e0                pthread_mutex_trylock@@GLIBC_2.34
                0x000000000000a0f0                pthread_setspecific@@GLIBC_2.34
                0x000000000000a100                strstr@@GLIBC_2.2.5
                0x000000000000a110                socket@@GLIBC_2.2.5
                0x000000000000a120                sem_trywait@@GLIBC_2.34
                0x000000000000a130                recvmsg@@GLIBC_2.2.5
                0x000000000000a140                nanosleep@@GLIBC_2.2.5
                0x000000000000a150                strtoul@@GLIBC_2.2.5
                0x000000000000a160                realpath@@GLIBC_2.3
                0x000000000000a170                pthread_rwlockattr_setpshared@@GLIBC_2.34
                0x000000000000a180                pthread_cond_broadcast@@GLIBC_2.3.2
                0x000000000000a190                write@@GLIBC_2.2.5
                0x000000000000a1a0                strchr@@GLIBC_2.2.5
                0x000000000000a1b0                rmdir@@GLIBC_2.2.5
                0x000000000000a1c0                strlen@@GLIBC_2.2.5
                0x000000000000a1d0                memcmp@@GLIBC_2.2.5
                0x000000000000a1e0                mkdir@@GLIBC_2.2.5
                0x000000000000a1f0                fchmod@@GLIBC_2.2.5
                0x000000000000a200                unlink@@GLIBC_2.2.5
                0x000000000000a210                strncmp@@GLIBC_2.2.5
                0x000000000000a220                getuid@@GLIBC_2.2.5
                0x000000000000a230                getcwd@@GLIBC_2.2.5
                0x000000000000a240                strncpy@@GLIBC_2.2.5
                0x000000000000a250                localtime_r@@GLIBC_2.2.5
                0x000000000000a260                memset@@GLIBC_2.2.5
                0x000000000000a270                munmap@@GLIBC_2.2.5
                0x000000000000a280                fcntl@@GLIBC_2.2.5
                0x000000000000a290                geteuid@@GLIBC_2.2.5
                0x000000000000a2a0                sem_wait@@GLIBC_2.34
                0x000000000000a2b0                shmget@@GLIBC_2.2.5
                0x000000000000a2c0                vsnprintf@@GLIBC_2.2.5
                0x000000000000a2d0                pthread_rwlockattr_init@@GLIBC_2.34
                0x000000000000a2e0                sysconf@@GLIBC_2.2.5
                0x000000000000a2f0                pthread_rwlockattr_destroy@@GLIBC_2.34
                0x000000000000a300                calloc@@GLIBC_2.2.5
                0x000000000000a310                dlvsym@@GLIBC_2.34
                0x000000000000a320                strncat@@GLIBC_2.2.5
                0x000000000000a330                pthread_detach@@GLIBC_2.34
                0x000000000000a340                sscanf@@GLIBC_2.2.5
                0x000000000000a350                open@@GLIBC_2.2.5
                0x000000000000a360                pthread_mutex_unlock@@GLIBC_2.2.5
                0x000000000000a370                pthread_rwlock_init@@GLIBC_2.34
                0x000000000000a380                dlclose@@GLIBC_2.34
                0x000000000000a390                sendmsg@@GLIBC_2.2.5
                0x000000000000a3a0                memcpy@@GLIBC_2.14
                0x000000000000a3b0                shmctl@@GLIBC_2.2.5
                0x000000000000a3c0                connect@@GLIBC_2.2.5
                0x000000000000a3d0                pthread_rwlock_tryrdlock@@GLIBC_2.34
                0x000000000000a3e0                sem_init@@GLIBC_2.34
                0x000000000000a3f0                socketpair@@GLIBC_2.2.5
                0x000000000000a400                __cxa_atexit@@GLIBC_2.2.5
                0x000000000000a410                pthread_self@@GLIBC_2.2.5
                0x000000000000a420                pthread_join@@GLIBC_2.34
                0x000000000000a430                clock_gettime@@GLIBC_2.17
                0x000000000000a440                chmod@@GLIBC_2.2.5
                0x000000000000a450                pthread_rwlock_rdlock@@GLIBC_2.34
                0x000000000000a460                time@@GLIBC_2.2.5
                0x000000000000a470                strcpy@@GLIBC_2.2.5
                0x000000000000a480                pthread_once@@GLIBC_2.34
                0x000000000000a490                dlsym@@GLIBC_2.34
                0x000000000000a4a0                dlerror@@GLIBC_2.34
                0x000000000000a4b0                operator delete(void*)@@GLIBCXX_3.4
                0x000000000000a4c0                fclose@@GLIBC_2.2.5
                0x000000000000a4d0                operator new(unsigned long)@@GLIBCXX_3.4
                0x000000000000a4e0                pthread_condattr_setpshared@@GLIBC_2.34
                0x000000000000a4f0                __xstat@@GLIBC_2.2.5
                0x000000000000a500                fileno@@GLIBC_2.2.5
                0x000000000000a510                fdopen@@GLIBC_2.2.5
                0x000000000000a520                __fxstat@@GLIBC_2.2.5
                0x000000000000a530                fseek@@GLIBC_2.2.5
                0x000000000000a540                __stack_chk_fail@@GLIBC_2.4
                0x000000000000a550                listen@@GLIBC_2.2.5
                0x000000000000a560                pthread_mutex_destroy@@GLIBC_2.2.5
                0x000000000000a570                pthread_rwlock_timedrdlock@@GLIBC_2.34
                0x000000000000a580                fflush@@GLIBC_2.2.5
                0x000000000000a590                fopen@@GLIBC_2.2.5
                0x000000000000a5a0                pthread_key_delete@@GLIBC_2.34
                0x000000000000a5b0                free@@GLIBC_2.2.5
                0x000000000000a5c0                madvise@@GLIBC_2.2.5
                0x000000000000a5d0                pthread_cond_init@@GLIBC_2.3.2
                0x000000000000a5e0                exit@@GLIBC_2.2.5
                0x000000000000a5f0                getenv@@GLIBC_2.2.5
                0x000000000000a600                fputc@@GLIBC_2.2.5
                0x000000000000a610                strncasecmp@@GLIBC_2.2.5
                0x000000000000a620                nftw@@GLIBC_2.3.3
                0x000000000000a630                pthread_kill@@GLIBC_2.34
                0x000000000000a640                sysinfo@@GLIBC_2.2.5
                0x000000000000a650                pthread_rwlock_unlock@@GLIBC_2.34
                0x000000000000a660                malloc@@GLIBC_2.2.5
                0x000000000000a670                pthread_mutexattr_setpshared@@GLIBC_2.34
                0x000000000000a680                pipe@@GLIBC_2.2.5
                0x000000000000a690                ftruncate@@GLIBC_2.2.5
                0x000000000000a6a0                dlopen@@GLIBC_2.34
                0x000000000000a6b0                shmat@@GLIBC_2.2.5
                0x000000000000a6c0                strtol@@GLIBC_2.2.5
                0x000000000000a6d0                usleep@@GLIBC_2.2.5
                0x000000000000a6e0                kill@@GLIBC_2.2.5
                0x000000000000a6f0                fprintf@@GLIBC_2.2.5
                0x000000000000a700                read@@GLIBC_2.2.5
                0x000000000000a710                sched_yield@@GLIBC_2.2.5
                0x000000000000a720                getpid@@GLIBC_2.2.5
                0x000000000000a730                pthread_mutex_lock@@GLIBC_2.2.5
                0x000000000000a740                pthread_mutexattr_settype@@GLIBC_2.34
                0x000000000000a750                pthread_mutexattr_destroy@@GLIBC_2.34
                0x000000000000a760                pthread_mutex_init@@GLIBC_2.2.5
                0x000000000000a770                fread@@GLIBC_2.2.5
                0x000000000000a780                pthread_rwlock_wrlock@@GLIBC_2.34
                0x000000000000a790                gethostname@@GLIBC_2.2.5
                0x000000000000a7a0                opendir@@GLIBC_2.2.5
                0x000000000000a7b0                setenv@@GLIBC_2.2.5
                0x000000000000a7c0                poll@@GLIBC_2.2.5
                0x000000000000a7d0                pthread_cond_timedwait@@GLIBC_2.3.2
                0x000000000000a7e0                pthread_getspecific@@GLIBC_2.34
                0x000000000000a7f0                pthread_cond_wait@@GLIBC_2.3.2
                0x000000000000a800                readdir@@GLIBC_2.2.5
                0x000000000000a810                std::ios_base::Init::Init()@@GLIBCXX_3.4
                0x000000000000a820                puts@@GLIBC_2.2.5
                0x000000000000a830                feof@@GLIBC_2.2.5
                0x000000000000a840                atoi@@GLIBC_2.2.5
                0x000000000000a850                fgetc@@GLIBC_2.2.5
                0x000000000000a860                gnu_get_libc_version@@GLIBC_2.2.5
                0x000000000000a870                pthread_key_create@@GLIBC_2.34
                0x000000000000a880                mprotect@@GLIBC_2.2.5
                0x000000000000a890                snprintf@@GLIBC_2.2.5
                0x000000000000a8a0                closedir@@GLIBC_2.2.5
                0x000000000000a8b0                gettimeofday@@GLIBC_2.2.5
                0x000000000000a8c0                memmove@@GLIBC_2.2.5
                0x000000000000a8d0                sem_timedwait@@GLIBC_2.34
                0x000000000000a8e0                realloc@@GLIBC_2.2.5
                0x000000000000a8f0                pthread_rwlock_destroy@@GLIBC_2.34
                0x000000000000a900                shm_open@@GLIBC_2.34
                0x000000000000a910                __tls_get_addr@@GLIBC_2.3
                0x000000000000a920                sem_post@@GLIBC_2.34
                0x000000000000a930                mmap@@GLIBC_2.2.5
                0x000000000000a940                setsockopt@@GLIBC_2.2.5
                0x000000000000a950                remove@@GLIBC_2.2.5
                0x000000000000a960                pthread_create@@GLIBC_2.34
                0x000000000000a970                strdup@@GLIBC_2.2.5
                0x000000000000a980                pthread_rwlock_trywrlock@@GLIBC_2.34
                0x000000000000a990                shmdt@@GLIBC_2.2.5
                0x000000000000a9a0                lseek@@GLIBC_2.2.5
                0x000000000000a9b0                shm_unlink@@GLIBC_2.34
                0x000000000000a9c0                ferror@@GLIBC_2.2.5
                0x000000000000a9d0                sem_destroy@@GLIBC_2.34
                0x000000000000a9e0                fscanf@@GLIBC_2.2.5
                0x000000000000a9f0                pthread_cond_destroy@@GLIBC_2.3.2
                0x000000000000aa00                fwrite@@GLIBC_2.2.5
                0x000000000000aa10                close@@GLIBC_2.2.5
                0x000000000000aa20                __getdelim@@GLIBC_2.2.5
                0x000000000000aa30                pthread_rwlock_timedwrlock@@GLIBC_2.34
 *(.iplt)

.plt.got        0x000000000000aa40        0x8
 *(.plt.got)
 .plt.got       0x000000000000aa40        0x8 /usr/lib/gcc/x86_64-linux-gnu/11/../../../x86_64-linux-gnu/Scrt1.o
                0x000000000000aa40                __cxa_finalize@@GLIBC_2.2.5

.plt.sec
 *(.plt.sec)

.text           0x000000000000aa50    0x7b5b2
 *(.text.unlikely .text.*_unlikely .text.unlikely.*)
 *(.text.exit .text.exit.*)
 .text.exit     0x000000000000aa50       0x12 /usr/local/cuda/bin/../targets/x86_64-linux/lib/libcudart_static.a(cudart_static.o)
 *(.text.startup .text.startup.*)
 *fill*         0x000000000000aa62        0xe 
 .text.startup  0x000000000000aa70       0xe2 /usr/local/cuda/bin/../targets/x86_64-linux/lib/libcudart_static.a(cudart_static.o)
 *(.text.hot .text.hot.*)
 *(SORT_BY_NAME(.text.sorted.*))
 *(.text .stub .text.* .gnu.linkonce.t.*)
 *fill*         0x000000000000ab52        0xe 
 .text          0x000000000000ab60       0x26 /usr/lib/gcc/x86_64-linux-gnu/11/../../../x86_64-linux-gnu/Scrt1.o
                0x000000000000ab60                _start
 .text          0x000000000000ab86        0x0 /usr/lib/gcc/x86_64-linux-gnu/11/../../../x86_64-linux-gnu/crti.o
 *fill*         0x000000000000ab86        0xa 
 .text          0x000000000000ab90       0xb9 /usr/lib/gcc/x86_64-linux-gnu/11/crtbeginS.o
 .text          0x000000000000ac49       0x1a /tmp/tmpxft_0000b254_00000000-7_asyncAPI_dlink.o
 .text          0x000000000000ac63      0xae7 asyncAPI.o
                0x000000000000ac98                correct_output(int*)
                0x000000000000ad1b                cpucheck()
                0x000000000000ae60                main
                0x000000000000b47e                __device_stub__Z16increment_kernelPi(int*)
                0x000000000000b5a4                increment_kernel(int*)
 .text._ZN4dim3C2Ejjj
                0x000000000000b74a       0x35 asyncAPI.o
                0x000000000000b74a                dim3::dim3(unsigned int, unsigned int, unsigned int)
                0x000000000000b74a                dim3::dim3(unsigned int, unsigned int, unsigned int)
 .text._Z21stringRemoveDelimitercPKc
                0x000000000000b77f       0x57 asyncAPI.o
                0x000000000000b77f                stringRemoveDelimiter(char, char const*)
 .text._Z16checkCmdLineFlagiPPKcS0_
                0x000000000000b7d6       0xff asyncAPI.o
                0x000000000000b7d6                checkCmdLineFlag(int, char const**, char const*)
 .text._Z21getCmdLineArgumentIntiPPKcS0_
                0x000000000000b8d5      0x12f asyncAPI.o
                0x000000000000b8d5                getCmdLineArgumentInt(int, char const**, char const*)
 .text._Z19_ConvertSMVer2Coresii
                0x000000000000ba04      0x206 asyncAPI.o
                0x000000000000ba04                _ConvertSMVer2Cores(int, int)
 .text._Z22_ConvertSMVer2ArchNameii
                0x000000000000bc0a      0x12b asyncAPI.o
                0x000000000000bc0a                _ConvertSMVer2ArchName(int, int)
 .text._Z13gpuDeviceIniti
                0x000000000000bd35      0x28f asyncAPI.o
                0x000000000000bd35                gpuDeviceInit(int)
 .text._Z23gpuGetMaxGflopsDeviceIdv
                0x000000000000bfc4      0x2eb asyncAPI.o
                0x000000000000bfc4                gpuGetMaxGflopsDeviceId()
 .text._Z14findCudaDeviceiPPKc
                0x000000000000c2af      0x1b6 asyncAPI.o
                0x000000000000c2af                findCudaDevice(int, char const**)
 *fill*         0x000000000000c465        0x1 
 .text._ZN18StopWatchInterfaceC2Ev
                0x000000000000c466       0x1d asyncAPI.o
                0x000000000000c466                StopWatchInterface::StopWatchInterface()
                0x000000000000c466                StopWatchInterface::StopWatchInterface()
 *fill*         0x000000000000c483        0x1 
 .text._ZN18StopWatchInterfaceD2Ev
                0x000000000000c484       0x1d asyncAPI.o
                0x000000000000c484                StopWatchInterface::~StopWatchInterface()
                0x000000000000c484                StopWatchInterface::~StopWatchInterface()
 *fill*         0x000000000000c4a1        0x1 
 .text._ZN18StopWatchInterfaceD0Ev
                0x000000000000c4a2       0x2a asyncAPI.o
                0x000000000000c4a2                StopWatchInterface::~StopWatchInterface()
 .text._ZN14StopWatchLinuxC2Ev
                0x000000000000c4cc       0x72 asyncAPI.o
                0x000000000000c4cc                StopWatchLinux::StopWatchLinux()
                0x000000000000c4cc                StopWatchLinux::StopWatchLinux()
 .text._ZN14StopWatchLinuxD2Ev
                0x000000000000c53e       0x2d asyncAPI.o
                0x000000000000c53e                StopWatchLinux::~StopWatchLinux()
                0x000000000000c53e                StopWatchLinux::~StopWatchLinux()
 *fill*         0x000000000000c56b        0x1 
 .text._ZN14StopWatchLinuxD0Ev
                0x000000000000c56c       0x2a asyncAPI.o
                0x000000000000c56c                StopWatchLinux::~StopWatchLinux()
 .text._ZN14StopWatchLinux5startEv
                0x000000000000c596       0x30 asyncAPI.o
                0x000000000000c596                StopWatchLinux::start()
 .text._ZN14StopWatchLinux4stopEv
                0x000000000000c5c6       0x62 asyncAPI.o
                0x000000000000c5c6                StopWatchLinux::stop()
 .text._ZN14StopWatchLinux5resetEv
                0x000000000000c628       0x59 asyncAPI.o
                0x000000000000c628                StopWatchLinux::reset()
 *fill*         0x000000000000c681        0x1 
 .text._ZN14StopWatchLinux7getTimeEv
                0x000000000000c682       0x4b asyncAPI.o
                0x000000000000c682                StopWatchLinux::getTime()
 *fill*         0x000000000000c6cd        0x1 
 .text._ZN14StopWatchLinux14getAverageTimeEv
                0x000000000000c6ce       0x3b asyncAPI.o
                0x000000000000c6ce                StopWatchLinux::getAverageTime()
 *fill*         0x000000000000c709        0x1 
 .text._ZN14StopWatchLinux11getDiffTimeEv
                0x000000000000c70a       0x96 asyncAPI.o
                0x000000000000c70a                StopWatchLinux::getDiffTime()
 .text._Z14sdkCreateTimerPP18StopWatchInterface
                0x000000000000c7a0       0x40 asyncAPI.o
                0x000000000000c7a0                sdkCreateTimer(StopWatchInterface**)
 .text._Z13sdkStartTimerPP18StopWatchInterface
                0x000000000000c7e0       0x40 asyncAPI.o
                0x000000000000c7e0                sdkStartTimer(StopWatchInterface**)
 .text._Z12sdkStopTimerPP18StopWatchInterface
                0x000000000000c820       0x40 asyncAPI.o
                0x000000000000c820                sdkStopTimer(StopWatchInterface**)
 .text._Z13sdkResetTimerPP18StopWatchInterface
                0x000000000000c860       0x40 asyncAPI.o
                0x000000000000c860                sdkResetTimer(StopWatchInterface**)
 .text._Z16sdkGetTimerValuePP18StopWatchInterface
                0x000000000000c8a0       0x4b asyncAPI.o
                0x000000000000c8a0                sdkGetTimerValue(StopWatchInterface**)
 .text._Z5checkI9cudaErrorEvT_PKcS3_i
                0x000000000000c8eb       0x70 asyncAPI.o
                0x000000000000c8eb                void check<cudaError>(cudaError, char const*, char const*, int)
 *fill*         0x000000000000c95b        0x5 
 .text          0x000000000000c960    0x7931a /usr/local/cuda/bin/../targets/x86_64-linux/lib/libcudart_static.a(cudart_static.o)
                0x000000000000e4c0                libcudart_static_509c026087083593ba887caf201b2a0c022d569c
                0x000000000000e4d0                libcudart_static_bbbe87671eb47a7d9f8d6fb11b7c043e5ef03630
                0x000000000000e5e0                libcudart_static_1db67a9dec28a6380c73db65a619c7e501ce60b7
                0x000000000000e710                libcudart_static_fd32aa02e459c221f1c5b50c874669578f6a167c
                0x000000000000e760                libcudart_static_ff466e58390a44a174cd1b2084ede65f6033356c
                0x000000000000e7b0                libcudart_static_5b9bf64834f73ef3a1285c34464d5f5005838db4
                0x000000000000e820                libcudart_static_0c6abe493211a3a1958f04ab2c2c1b8f0e3a30eb
                0x000000000000e890                libcudart_static_02efd76b5a19be8027dd1fa9e03c071365bafe11
                0x000000000000e900                libcudart_static_c2886093b3fd25dea929e224b75a03eadd6e1d63
                0x000000000000e970                libcudart_static_2f4e650e07aaa3ebd50dc9c2bc3418aea3dae1d9
                0x000000000000e9d0                libcudart_static_1b94ca677847eb5e0d10d7cb1a7a07ad6e69af78
                0x000000000000ea30                libcudart_static_4778d57055ab799b5573fd2ab9337269640dd667
                0x000000000000ea90                libcudart_static_096b3361b4b74976c2222af4cf8e50dc301c2572
                0x000000000000eaf0                libcudart_static_1e41e07c32c7a1c9c95e46a1b96cd0fc0867632f
                0x000000000000eb50                libcudart_static_9a55759a73c2027d8e05255ec7247527acffcc36
                0x000000000000ebb0                libcudart_static_0cefb90275b5541715716a977583f02d4f12c2f8
                0x000000000000ec50                libcudart_static_469243e5d4235369510e210bc5a812aade98efac
                0x000000000000ed00                libcudart_static_bfe4cb7992ba9b78ec8427747b16f974c88d2808
                0x000000000000edc0                libcudart_static_78aa1bf138df145882cacc26706b1b47f56d1cd3
                0x000000000000eeb0                libcudart_static_28c78c3131ffee4fd525342f01731d26c9042d1c
                0x000000000000efa0                libcudart_static_44c2c610f0e41e1b9963264c1a48d24b7eead373
                0x000000000000f000                libcudart_static_ca6ed246f0e33aa9a3e8d36b609cbd1a4d23a8b6
                0x000000000000f060                libcudart_static_6c30f73bb861df3155bd61f01d210add30b0c29e
                0x000000000000f110                libcudart_static_afe61d9cb75d144e5774473c260e5b6a7f6e9b34
                0x000000000000f180                libcudart_static_0a0a3502b0b2db49895246cc5b5d11ebdf30f74a
                0x000000000000f1e0                libcudart_static_8f023ea731189fd7626a5f7f11c9ba85845f5991
                0x000000000000f240                libcudart_static_5e1c873e631aa315b8679e07b9f455e0e3101aec
                0x000000000000f300                libcudart_static_0a325d5f9f1865248b0d0ca56ff8b1a5601b58a3
                0x000000000000f3c0                libcudart_static_c47c9944eca3576a5cd450403fd96a4702ba5273
                0x000000000000f480                libcudart_static_b0deea52d31a5984050cc25db7bbdf987945414a
                0x000000000000f540                libcudart_static_30619a54eb2c035b411b3d90708dba3752d8e116
                0x000000000000f5a0                libcudart_static_71c800fe991ec9eabc4ae17f7d735f58d669fc29
                0x000000000000f720                libcudart_static_1245174f1c6e37f9b2bf0ec7f5835e9635bbdf9f
                0x000000000000f8a0                libcudart_static_f7178ff44af2120dbc16c0b50f46b99b78685b98
                0x000000000000f8d0                libcudart_static_26ff6708a6c9d60b6e6101411905496fa765d0ec
                0x000000000000f900                libcudart_static_99d4887811fb211b1a3ca251a03d01db522efa5e
                0x000000000000fa70                libcudart_static_9407899f77e72732c379f97b41f83786677f8abb
                0x000000000000fb40                libcudart_static_d6d13771a9139b439d8191037dc5acc353a23010
                0x000000000000fc40                libcudart_static_3a1aadb2671488d08b5d24caf03568702bc8ae55
                0x000000000000fcc0                libcudart_static_0688a0a677a9dcc39372495606f23b0da357cd33
                0x000000000000fd90                libcudart_static_42234a9b1775c86395c6c5f1283bff70941d009e
                0x000000000000fef0                libcudart_static_cb4f6f5d7325285ae110993d01c60f3a5eab9dd1
                0x000000000000ff50                libcudart_static_6e16526db6388964b3f3c0c470e12b4266cb6a42
                0x0000000000010020                libcudart_static_e7fd0167999bfdbbd4b4d4fc581b09fd0369f31d
                0x00000000000100f0                libcudart_static_53e492ae63e845184c7e2fe20a6b402ab49fffb4
                0x0000000000010150                libcudart_static_0409e35b1e092a5fc3e4631e46f6acf7bb060568
                0x00000000000101b0                libcudart_static_08fa9d50f42bc0bcf1922c46044a26a7efd35189
                0x0000000000010220                libcudart_static_10a1d316e7e0bb1322e9b897e8b1826277245bc1
                0x0000000000010280                libcudart_static_33899b946c9e46406471810ed1e655ee1a4e66ee
                0x00000000000102f0                libcudart_static_5557cf4e1ac57858a95068268c0b9ad9ad9fcaf4
                0x0000000000010350                libcudart_static_bc6c556c4eebaf67849f36c7ca60b0e3cb365507
                0x00000000000103c0                libcudart_static_ab9a6344caa16d170dca4c871aff4b3a73c6d047
                0x0000000000010430                libcudart_static_6db0f43e44f60dbc2ffca5f076d47c95c5d88d29
                0x00000000000104a0                libcudart_static_9218d52a025161494d66076733bf00e7bed96853
                0x0000000000010510                libcudart_static_168c7788ae8f980cc97a93ac34416cf638d2d447
                0x0000000000010580                libcudart_static_8726453a92e9ecff61c11d57a9b580846674a4ad
                0x00000000000105f0                libcudart_static_cbebe0caf16a68108f477a33dfe9aa44a06376ce
                0x0000000000010660                libcudart_static_b65a36ebb859fb5856218cfc8f5432c833b5f8f7
                0x00000000000106d0                libcudart_static_76d9a83aa11634ca31acdc0d43ff03f0c74c154b
                0x0000000000010740                libcudart_static_dcaa326fe3c80d25b126c3a25ec851756aa68e65
                0x00000000000107b0                libcudart_static_1aac81881344f819106be53ec83d5ea19db2119c
                0x0000000000010820                libcudart_static_bf45aabb9e6d1b6a3cb61a2fc9d707bb062c37ce
                0x0000000000010920                libcudart_static_e644aca8b63849b075a0c9916ddcf7cab6a34abb
                0x0000000000010a20                libcudart_static_02630f093bd8a0c9bd3a8ce0102f4a76127ef09c
                0x0000000000010b00                libcudart_static_7e7141562a870a54a243ef3bc6731359c3d10750
                0x0000000000010be0                libcudart_static_43d9a0d553511aed66b6c644856e24b360d81d0c
                0x0000000000010c40                libcudart_static_141dba5462e92d2cffd1abc474df476c510a3a8c
                0x0000000000010ca0                libcudart_static_a93d2b67df82760d6eae364fbb17a6e273fed075
                0x0000000000010d00                libcudart_static_4f92f8433a142aebb5fc2edec3a3f7a3276afdbb
                0x0000000000010d70                libcudart_static_68c1cb4c78c7b0bf8acd009b5306667052ac2b4f
                0x0000000000010de0                libcudart_static_17009803928ec7368fdc8d340c2772c92ba9e141
                0x0000000000010ec0                libcudart_static_1206222e01c6e41c43371e3347addf4f2e4374db
                0x0000000000010fa0                libcudart_static_266a3ac64d0e8373ea89efe9ac44b1c4b3647333
                0x0000000000011020                libcudart_static_d19c57cc5eb555c4a971adbe83237fbd453031fe
                0x00000000000110a0                libcudart_static_7304beb15f17907bccdc6b7603b23d2a2951bc68
                0x0000000000011120                libcudart_static_426889d6fde5c978d3dae716354e71aee8c58f56
                0x00000000000111a0                libcudart_static_099eddf6a45bc4b65880ef2cb255315645dc12ae
                0x0000000000011200                libcudart_static_12d419f150dff5ad1f460d885cfe1afc041815e7
                0x0000000000011280                libcudart_static_786ee8b7756e739628850bd129f3d67c1a9ca33e
                0x00000000000112f0                libcudart_static_f957cf90f6633e532c091a3d5682a34e7cb19d63
                0x0000000000011360                libcudart_static_fa199b62a19fef1e94aaa17b28b57324fe81fbf7
                0x00000000000113d0                libcudart_static_94ab54c2eb7b546a402fb87fc8c16806bd2b5239
                0x0000000000011440                libcudart_static_317a7f164f591251dfae83906d24f4847942fd54
                0x00000000000114a0                libcudart_static_daedcea17177362c37c34d10632b001f03c10dcf
                0x0000000000011500                libcudart_static_c526ffae8ae71a4d1dd545771f20d6a7e8941bd9
                0x0000000000011560                libcudart_static_a3a9f371df985977c6d4d172d13690fa389848d0
                0x0000000000011610                libcudart_static_437a784af04402a17a449781dafd253e466afd14
                0x00000000000117f0                libcudart_static_cf636e246a9776b6695bb89be1c1d8e2cbf30fe8
                0x00000000000118a0                libcudart_static_3d16dda3f70085ad0c737781bdc2c79a5785d5f7
                0x00000000000119b0                libcudart_static_d4cb0d61885b86f1a530bade9c634caa385c8630
                0x0000000000011a10                libcudart_static_6701f43eaf4ab6a6084c8f3e5c7d6bfff867bbcb
                0x0000000000011bd0                libcudart_static_81f5ed35913dfab18e317d9cd5fba55e14c1f8b7
                0x0000000000011be0                libcudart_static_c18f83cff05d9fdbb3ad8672aa174df45987a727
                0x0000000000011bf0                libcudart_static_cc235cdfe386e808415db6d689b64fa804650954
                0x0000000000011c70                libcudart_static_8560dfd250292a37c0e1d15782658d32ef72d2e5
                0x0000000000011cf0                libcudart_static_9949b4588b7b5a8838851cf644b1fc34422f4788
                0x0000000000011d00                libcudart_static_e17b0a55c1a9627d984bfa7a69688aae48585f70
                0x0000000000011d10                libcudart_static_43f88c9a8fe5b7a38b85ec17c5a12b17a698e39d
                0x0000000000011d90                libcudart_static_5c7653c22d1d61ed4f4c251c3841d2843c907514
                0x0000000000011e10                libcudart_static_cd119c124da4a126057b6c47de619c0dccf71afb
                0x0000000000011e70                libcudart_static_67e1b0787b19a2bbb27c666dd832069f3568cff2
                0x0000000000011f00                libcudart_static_63181f4db556efac9d97f26e25f61babfe4f4039
                0x0000000000011f90                libcudart_static_4d8b33a106dceb3c07a56e26de61f2d53bb62a68
                0x0000000000012100                libcudart_static_9b253accfd70c2c1ae355234f6df8de47f022baa
                0x0000000000012270                libcudart_static_1bf318650888ed8605d5752dc15d17a8bd526a83
                0x00000000000123e0                libcudart_static_6164b4a0dc3592039284e30c17a637713c431157
                0x0000000000012550                libcudart_static_9bebc5ebd1a83a8a29188e9dcfe20b70de154597
                0x00000000000126c0                libcudart_static_5857863686ae33c9b497ab76a0d1a8e584fb936b
                0x0000000000012830                libcudart_static_bb6272cac14f2d3abf23e7689e2503a2e83ed380
                0x0000000000012ac0                libcudart_static_b9a6bbb12bd7fdac167d33980af8973ca0a4b822
                0x0000000000012d60                libcudart_static_a486c3abca1560039929bdd22a7be550bd85c560
                0x0000000000012e50                libcudart_static_713aa69fe6021f6cf2f5c470bdecfc9813d99965
                0x0000000000012f00                libcudart_static_b9ccfab4de5fb2751a432596f08baca3e0199b4f
                0x0000000000012fb0                libcudart_static_afcf691df9e1fe71eac5d78c22e74956b97648cb
                0x0000000000012fc0                libcudart_static_963ac3c301b46abf3a88d982815c5d4266131308
                0x0000000000012fd0                libcudart_static_217a9e17205cc0021cb63b196b182b6e735235e8
                0x0000000000013040                libcudart_static_ea258bcf470d8ce092d0ae8f09df30867d120fdd
                0x00000000000130b0                libcudart_static_adb5f783e09f4d4accc321198548f260c18bac90
                0x0000000000013140                libcudart_static_f74e2f2bcf2cf49bd1a61332e1d15bd1e748f9cf
                0x00000000000131c0                libcudart_static_1c70fb9f07f12156f8a69d75e84dbd16bf594e62
                0x0000000000013230                libcudart_static_32c4ea26ee33c20f879c91c53a9c75ca69576b3a
                0x00000000000132a0                libcudart_static_a6b4ebf6406aa715b200756fcc397965457d733a
                0x0000000000013310                libcudart_static_9284401b4c53cc217f231570c9e196e835442c09
                0x0000000000013370                libcudart_static_eb2c0869b5c9790455414f326d70fbc64db19338
                0x0000000000013400                libcudart_static_9197a626567d3ed0a503b0bf81c55b33daa0ddda
                0x0000000000013480                libcudart_static_6e7bea098a40a2b7289bfd80e971249c55c7a04f
                0x0000000000013510                libcudart_static_c19d5ba593c0518dc863411e067fdee9ad8619dc
                0x00000000000135b0                libcudart_static_c64d4787e94fe64d8e27ede30dfe20c11b592bde
                0x0000000000013610                libcudart_static_8dc6d7ed9119b112d8dec24939471f3ef8f3d64b
                0x0000000000013670                libcudart_static_e89166e2c2b196fc1eecd3ac0e6a1472774ca709
                0x0000000000013870                libcudart_static_2f9cc62232b99ac9ff52411a46f83bbfe0daa4e3
                0x0000000000013920                libcudart_static_70fecd8ef647c3aa1c2bfe823bdb2754afe25e36
                0x00000000000139c0                libcudart_static_f92a0a113851594bf54fbddd5d63fb35f26f19af
                0x0000000000013a30                libcudart_static_529480eb9f457ce422c3b56224edad0a8bf140b3
                0x0000000000013ad0                libcudart_static_96ec88240dc8bf59303d7ece3704a3f4e65357a2
                0x0000000000013b40                libcudart_static_29426b13010a2ffacba0dd387557fbc2641ed50f
                0x0000000000013bb0                libcudart_static_39eb4a17c9489ad74ec69e1d41ec37e374d011ef
                0x0000000000013c20                libcudart_static_3f7218e169a6e3932f4257585e4f890635a153c5
                0x0000000000013d50                libcudart_static_1620d9e0eb0b93cccce8accb7231632f4828ac02
                0x0000000000013dc0                libcudart_static_28a90e858977592ee2593172eb3afc1236908c79
                0x0000000000013e60                libcudart_static_b182cbadbb91eacd9260954d979731eaf7fc10fc
                0x0000000000013f00                libcudart_static_23a812764ac25bb3777da1126c2202f23544b93d
                0x0000000000013fc0                libcudart_static_eee08e2d49f897981dc521efc7228b54065abf82
                0x0000000000014080                libcudart_static_313088868e8b12a7f059aa9a12ee060675ff301e
                0x0000000000014130                libcudart_static_cbd9a8aa7bb4cceda8bd9f6ff040fee9857d0742
                0x00000000000141e0                libcudart_static_9b43a4cf208c115d5f1317f59b7cdbb3ab90a5d3
                0x00000000000142a0                libcudart_static_34e00523697b16bc1eb05c425ae828d6d6809fc2
                0x0000000000014360                libcudart_static_88d530844cc820d01cebe675927b6d5fdf6bf212
                0x00000000000143f0                libcudart_static_98984925b2e4a53c4b97b1139df2d62eb79167ae
                0x0000000000014480                libcudart_static_1480d4d4f8778176f58da390fe7ca2eaae50e4a9
                0x0000000000014500                libcudart_static_d7dca3ba4cd0c96089e78c4c73b62d9add0c6f06
                0x0000000000014560                libcudart_static_d8e97b71f57e13d5dd32a75e315c11f881c9e40b
                0x00000000000145c0                libcudart_static_4c72d132e4031ff75f556c9fcae8cb90312c8974
                0x0000000000014620                libcudart_static_04c0d71d3ce97546bca1b167cee8347e0ce89e7b
                0x0000000000014960                libcudart_static_80c34778c4cc13852a04ff13f88c38c0e2e5fbb3
                0x00000000000149e0                libcudart_static_fb7a80b996b5ffe6af7fbc2f0c6c26fc501969e1
                0x0000000000014ac0                libcudart_static_e33737da8423a005a7a14afc85faeb899282ab62
                0x0000000000014b20                libcudart_static_cf2db9b3d5db072ae97a296e25ce7962363874f9
                0x0000000000014b80                libcudart_static_9e58097b2707351fbec5d2ff4f733d9ea01aaec3
                0x0000000000014be0                libcudart_static_f3f080f21c2677c2c2535d755c90872fa76570b1
                0x0000000000014c40                libcudart_static_d64a1c89a88e82fcd3441071850b65fdbe2aef35
                0x0000000000014ca0                libcudart_static_76b463a9a91fc926adc1e0c5960004bbe59dc823
                0x0000000000014d00                libcudart_static_1b9d2c64f58d9c2eee253ca4b9d689dda098d403
                0x0000000000014d60                libcudart_static_901c335edfe2e89188fa6b8fe3e2a2194ad05bff
                0x0000000000014de0                libcudart_static_4727fec5f8b2175f903f7c2de9631aa28e05472f
                0x0000000000014e60                libcudart_static_58f95088c96b3eda011d739033c2a2afd4fe0cab
                0x0000000000014ef0                libcudart_static_a91e307409e6c490ad75c2ae695001cd6184dd76
                0x0000000000014f80                libcudart_static_72aedf71880e519fb5d84df80955690cefe58879
                0x00000000000150c0                libcudart_static_42a096dd7006da28248066317063e17bf6baf4fd
                0x0000000000015210                libcudart_static_1a30839b7bcd524e91cd15ac67e844f4d80b65bb
                0x0000000000015340                libcudart_static_fb7abd4c168a19cb9c4bc74df0d0b8e3f5dbafef
                0x0000000000015470                libcudart_static_3382c1704e5638997496883f752d70e20859ac94
                0x0000000000015560                libcudart_static_c7105795101d405b5814fd46127fd98051b94066
                0x0000000000015660                libcudart_static_5c14f2392919a13c3eab150138e7d5d70465ef70
                0x0000000000015780                libcudart_static_e3bd7870401da9b44b886ed49021dde325ab311b
                0x00000000000158b0                libcudart_static_90de0ea27d46eced3b709c88bdf8b3eaeea8e185
                0x0000000000015990                libcudart_static_7cc97121e0fe566f4c0deeac3179f931fcf3e19f
                0x0000000000015a70                libcudart_static_f376642296d1476ebe9511df0be1b770e9c6494b
                0x0000000000015b10                libcudart_static_30747aa76740382c9e1990e6482b6447e67672f6
                0x0000000000015bb0                libcudart_static_b6e4e425eaf46e63e1b05c4b8282b5ed05ff7f2a
                0x0000000000015c50                libcudart_static_cb62604e19c3a71f98d903b87824df738dc88d9e
                0x0000000000015cf0                libcudart_static_43b43b1266d718b3eab5661c057adb29eb518106
                0x0000000000015d90                libcudart_static_666fe54617217d9bf0c6ec2d9f4005d8b9158465
                0x0000000000015e30                libcudart_static_f90a621a9a5557e7c9e2367a9e2b6f8e2c4c3140
                0x0000000000015ed0                libcudart_static_e25b56521ffd82e42dafde950273db98b51ee222
                0x0000000000015f70                libcudart_static_68127101e2d01f85b0c24511433a58184b030ca4
                0x0000000000016010                libcudart_static_9c05b894a2f05c5ce78e2aa9942e1d7c977ad2eb
                0x00000000000160b0                libcudart_static_d0d234fb47a39d19a96ea0639c8eecbe16e13a69
                0x0000000000016150                libcudart_static_6a8d90e15c37a15d387f6b6d35a4be0d81f3c30f
                0x00000000000161f0                libcudart_static_81c085d06b509cc8a79bb777121c892c5e32558f
                0x0000000000016290                libcudart_static_5f49f916543aaf42643d7a30f6ecad482d1ac27b
                0x0000000000016330                libcudart_static_dd90f8a178d0f592679090b8d78fb355bb1f83cf
                0x00000000000163d0                libcudart_static_bd53fc77f037efab59fec6b619a6cd27e646c880
                0x0000000000016470                libcudart_static_9f578c61736e0fb44445c283e0415ed7702f9ac9
                0x0000000000016510                libcudart_static_2c382d37f5b638108c2166b369d22bdc50c4e116
                0x00000000000165b0                libcudart_static_3bc7b9d998d3e1ec1c35bea9c398e64dd5dfd00c
                0x0000000000016650                libcudart_static_425c692f9be818bd63e05605ffbc6884be933f34
                0x00000000000166f0                libcudart_static_60c25487c44b453e146e3eee715d48d1ad5d93b0
                0x0000000000016790                libcudart_static_c25fa85b4e8a9ead75d707bf9058bf4b4271f3d5
                0x0000000000016830                libcudart_static_2608b3f91e2f64018558aa9d2fb53fb6a5103575
                0x00000000000168d0                libcudart_static_e2d828e91565436e8452c8d6c7f0ba549103462e
                0x0000000000016970                libcudart_static_825f8cd4c812e4c8efd3fef613aa92b8cf7e94f9
                0x00000000000169f0                libcudart_static_2e243bd4e10235b0d865367adfbe5c557ab427f8
                0x0000000000016a70                libcudart_static_37baaa029db41458162d82e1dbccebf9f0ccef49
                0x0000000000016b00                libcudart_static_3eafa1741ca149613c3ec308383ca68ba635d678
                0x0000000000016b90                libcudart_static_2c269f5271b9f18f4820f9e262ea34f0a8427c3e
                0x0000000000016d80                libcudart_static_651ae821fa1aa48be2b1529be74ace037b758452
                0x0000000000016f70                libcudart_static_b2cad2c8327d949daa182b70365e262ac6e8436a
                0x0000000000017160                libcudart_static_17fc0040895cb1ad8bbe650e6b7b4f6537bbd33e
                0x0000000000017350                libcudart_static_5d8ea4022859ea727440ce501a88d417a8a0377b
                0x00000000000173d0                libcudart_static_0be0f0659cc58b15b8c6fc88091e7dad6e5a48c6
                0x0000000000017450                libcudart_static_97ca509465866cd73e5125d0db515c712823a112
                0x00000000000174e0                libcudart_static_ce91149f59037147a4e27ffff473c72914c24ee1
                0x0000000000017570                libcudart_static_6cfe1ca5ac8ac79b8646647d24bdd75ae502672d
                0x0000000000017630                libcudart_static_dd54d5076218a2cde1501202edc91c36363ce446
                0x00000000000176f0                libcudart_static_eca47b9d5221475fc02f148a57f58f9a54b1bb73
                0x0000000000017780                libcudart_static_cb48fd8c2a71c6a9a250282611ddcf250154ebde
                0x0000000000017810                libcudart_static_1e022b82167f4279833e217ca1a4c690bfff9b80
                0x00000000000178a0                libcudart_static_2563d08b3bb7e00ffbf9c3a6c4f86a995878f252
                0x0000000000017930                libcudart_static_1ab01ee02edd7c09d8b031fd25f5bd770f6931db
                0x0000000000017a00                libcudart_static_2e12cc88e00929b1400acec8fe5ac5326f3121f8
                0x0000000000017ad0                libcudart_static_d1f4da34f9f01119dd20f99288695545feb5c3ee
                0x0000000000017b30                libcudart_static_15bc4877fcf67472146b5fd7d7e6223370e4b8d7
                0x0000000000017bb0                libcudart_static_a5705610bc20740b9cea01e55277a44f97a5d71b
                0x0000000000017c30                libcudart_static_2f597d0cf676d4885e2afc2e41d04d276fd4fe4b
                0x0000000000017cb0                libcudart_static_dac2171d7e0949fc240162c7cb00110c5105efa5
                0x0000000000017d30                libcudart_static_c00d60124fd3824a997432f1f7e1d7590502ab35
                0x0000000000017dc0                libcudart_static_a8b4102a0cd0e19f4c2f448011df94a460f73492
                0x0000000000017e50                libcudart_static_3f829b61be8a412b238719b421b87020c6e162fb
                0x0000000000017eb0                libcudart_static_88e07fef869d84e25957a73dd143eebdfd9caed0
                0x0000000000017f10                libcudart_static_14f9559f6acae2f94ba598b4e5a39f966c60e448
                0x0000000000017fa0                libcudart_static_59b04a42dbfd6b514d76d9b8e7bd3efa7c9968e5
                0x0000000000018030                libcudart_static_c050df45004c1362a0a26b7288ad47cae395a1c0
                0x0000000000018110                libcudart_static_cedc6f5bb46012446b92ed18cc1338f722d93f29
                0x0000000000018200                libcudart_static_c6385f804cda4ca3186e3bd9b2123024e88ebc4e
                0x00000000000182f0                libcudart_static_e690cbad9a475580b714d9850e1c1666d8f028d2
                0x0000000000018360                libcudart_static_c9ddd6058cc10cf9ba673ec359e16cb76c91befa
                0x00000000000183d0                libcudart_static_6250f4462c8239e35afed2151f81b1e65e5a8b03
                0x0000000000018440                libcudart_static_d4b31c692a0afbbf29e4fe36d5c745f2c2703d88
                0x00000000000184a0                libcudart_static_1c4d3a3b03a68265e61eaff9272b856f27e8b439
                0x0000000000018520                libcudart_static_96979a0bad5e547f95d84d32a5084a440e2260c7
                0x0000000000018590                libcudart_static_32b232b103063e31fab0f7d9f44976a2041a4468
                0x0000000000018610                libcudart_static_88d8571043ad161fd139140ed39346c58090c439
                0x0000000000018670                libcudart_static_20efbf66e2ed856be1ec747fd8450b4430c2e50d
                0x0000000000018f50                libcudart_static_c852268ec4b1c7eb137104b11e61825a69d60a62
                0x0000000000019010                libcudart_static_05a7ce2b595995101b43b8d30be821e1690eb43d
                0x00000000000190d0                libcudart_static_98f749947838bd7b4605292db9bf1fcea0f08d23
                0x00000000000190e0                libcudart_static_87f4bb0f05e62233579dd7d66c597681b9a49270
                0x00000000000193b0                libcudart_static_0120537e48febf5a33d2ba3cc8848315fe1f2b2f
                0x0000000000019490                libcudart_static_200ba5c1ee729f12f4781fe10920542365331a39
                0x0000000000019500                libcudart_static_cb738dbbc38240ea2f4343f189d56e937ec7dfd0
                0x0000000000019570                libcudart_static_677c44ebc2922648bac9abd14d885ce3c7acfa71
                0x00000000000195e0                libcudart_static_025dbd0cc166dae9e9dbbe8868e9286dd964062b
                0x0000000000019640                libcudart_static_688dd2c7a805687959c19062cd2b2b55d6b2ea69
                0x00000000000196b0                libcudart_static_eabca57b0eddaf5599bcce103eb90abb72be1c42
                0x0000000000019720                libcudart_static_31c5589f6cf16e869067f9a384ac10d42a6bdc19
                0x0000000000019790                libcudart_static_a8a7aed410ccd16c08ce0d8acc69f96bb4895cea
                0x0000000000019810                libcudart_static_92243811fb22c4d58a60252ff206bf78a2264e7d
                0x0000000000019880                libcudart_static_c6cbdfd878e6baeadeee27d177fa8250e3a55943
                0x00000000000198e0                libcudart_static_987592bd89d17b8676c47e3de865a81dcdd288ef
                0x00000000000199f0                libcudart_static_f5f8b322b0f68c45388c96ae4ee61926e1c35ee2
                0x0000000000019a60                libcudart_static_cad1160ff23cf0e6b82dc560ba2e729120250b4e
                0x0000000000019ad0                libcudart_static_fb71b6f85dc75440f3fe2398885a044e641c1180
                0x0000000000019b30                libcudart_static_6b5d87d2d98600e909bea59a3df6e590c9c42dba
                0x0000000000019bb0                libcudart_static_b63e1b72c4186d2b6489eb2dc83e87697879a6c8
                0x0000000000019c20                libcudart_static_642809c0e3b0cd78d04be00765ab15fce143776f
                0x0000000000019c90                libcudart_static_3cc0e8177c428447bf9e421ca5f7dd0933638577
                0x0000000000019cf0                libcudart_static_ae7905c9e50e61fa3450eee57b5060e080ca4216
                0x0000000000019d90                libcudart_static_d82b8865a89fbb6f49f6fb440189a6ce1f018567
                0x0000000000019e30                libcudart_static_5292edab93a49588dbf48156fea749b5116ad116
                0x0000000000019e50                libcudart_static_6dc593c7acecbf5f87384f583f9113c7bf08691e
                0x0000000000019ed0                libcudart_static_6ce1a6185f013df21fdfeb0922e3947375776654
                0x000000000001a000                libcudart_static_77693555d55c5b8c3b8fffac082f3f54aed660c0
                0x000000000001a060                libcudart_static_56a890debcd631b7eeebdae78bd1b638807712ac
                0x000000000001a120                libcudart_static_856049e99c73f81cb71a0701bb38691614c532cc
                0x000000000001a210                libcudart_static_f82a453e61cb06d279d0dc88b10e1cf74b3ec182
                0x000000000001a2e0                libcudart_static_9ae5ff2a160213bc55e45251f342a89de7283eb3
                0x000000000001a3a0                libcudart_static_0c4605ff7e082f54b90223dc2787942b5fd3145d
                0x000000000001a400                libcudart_static_79ea0f4e9e8fda40e2104b0a4d171fd8b4914938
                0x000000000001a4c0                libcudart_static_b9956150e6553df0a5fd585077af51063f91e8fc
                0x000000000001a520                libcudart_static_8efa79e514fc4631cda3882f0b8fcaefe9e1f1aa
                0x000000000001a570                libcudart_static_31a43a2120848939a5252f64d036665de1317837
                0x000000000001a5c0                libcudart_static_651078f47a8980607b1045d795e06b2c7b8930c5
                0x000000000001a650                libcudart_static_d7ebefb8f007a8f8376cfe42bef11a75a3ee03e7
                0x000000000001a6c0                libcudart_static_c354c85955f427fb9d864a2fb4f507469fd447e7
                0x000000000001a770                libcudart_static_076b03598c33c05307b367d1a5c671ebcfcece4b
                0x000000000001a800                libcudart_static_b41dfb40b48b59a5256b93b4116d3ac8a51b4be3
                0x000000000001a9b0                libcudart_static_4147067bb95fb5a394de5009762cf3f91972396e
                0x000000000001aaa0                libcudart_static_0e3a172ca0d0006dc3f427d5c9f79c9023964f38
                0x000000000001abe0                libcudart_static_250f4addbe738443f74ff7c556c1e8f14a7f49ce
                0x000000000001ac50                libcudart_static_8b53a38cb67460660f9062686b30dc9161468f46
                0x000000000001ad90                libcudart_static_09d9881361c650a7f58f50ca603936f6da30dfba
                0x000000000001aed0                libcudart_static_0e04557135a518daa8027f820e4c0292c0d80d64
                0x000000000001afe0                libcudart_static_3e72a4b5037ff2dd2910f90073ba8abae728a42a
                0x000000000001b050                libcudart_static_1b6e46ca70dfca2e3605542297d0fcdb39c477e7
                0x000000000001b160                libcudart_static_054bf9c3d7bb986e7a7b888ad235b1dd39b8c2aa
                0x000000000001b260                libcudart_static_15fe7cf85e120b47528406c2c1a63ea7c68c313e
                0x000000000001b480                libcudart_static_5a6457743e0cebd5be6592f1db8b24df0898f69f
                0x000000000001b6c0                libcudart_static_0a5077eea7798fa229430dc68ac62db78e943ef0
                0x000000000001b800                libcudart_static_a0addd331266522cefca3697ec0cdf5178fc7ed6
                0x000000000001b8b0                libcudart_static_8a9022d6211eadcf4fb3ee94018a7014fc77ec71
                0x000000000001b970                libcudart_static_9970734eee0498ed13ba29d1e1f1343501536954
                0x000000000001bb70                libcudart_static_09bc5cbb075616aa23a7fc12dc5b1d428283e648
                0x000000000001bd80                libcudart_static_eaa6e3cc1437a88167153dc46fb1faee9981e3be
                0x000000000001be80                libcudart_static_de0230ee4deb6085b373fec6853c01676137ff4b
                0x000000000001bec0                libcudart_static_71efe762f7aa35516a0cdd1069fcd4d8e42896f5
                0x000000000001bfb0                libcudart_static_d090228c0fb622785f9896f1ce5d7678973f3da1
                0x000000000001bff0                libcudart_static_c00bca2ec2cf79ec28125d352d6321457206167c
                0x000000000001c0a0                libcudart_static_59503a13a80b269a2ff303e56af872c46bf668ec
                0x000000000001c110                libcudart_static_511e3e51f5edfd6c943ba8229e28b08392dad9b8
                0x000000000001c130                libcudart_static_0ba8cb68f0a1934d0d6ac20afb1937358189a4b2
                0x000000000001c1e0                libcudart_static_d10acedb4a6cc7ebcc810b42126e6162b5514325
                0x000000000001c200                libcudart_static_947de1287fa249f369f92eeb29beab810c48ec45
                0x000000000001c290                libcudart_static_d7817f664a69b6b52f52f4d091ddec528330e439
                0x000000000001c320                libcudart_static_ebc1ba7fd9186e166ffe94589b2ae3b3609aaade
                0x000000000001c3a0                libcudart_static_64539560da61704e9772e7355e65ef05fb9a0f69
                0x000000000001c410                libcudart_static_d7226de375392eadf410031c120a2ec8d4a02db9
                0x000000000001c490                libcudart_static_aab0b86ebc6dcc02c6fae7bb30716a7744f3697e
                0x000000000001c530                libcudart_static_44b984cec8c0f85aa8594e6708aaaace3addd950
                0x000000000001c5b0                libcudart_static_bc89ae7f1104b56a6f09b8c5851dc76136d26a8f
                0x000000000001c630                libcudart_static_787188a017f8cbd0c5cd7622b97df89f195db64a
                0x000000000001c6d0                libcudart_static_bea0fb992b36b952ed4dab7125b02541badd6425
                0x000000000001c750                libcudart_static_c34859e0c7b9ef44563de00a3abf955d0782308e
                0x000000000001c7d0                libcudart_static_c133368759241c8f8bba5e69fc7e68e3611fdcb4
                0x000000000001c870                libcudart_static_4e8f0dd5e554179075bf1d18b9559baf16e0c801
                0x000000000001c8f0                libcudart_static_b39a03d003fd4eb9299a2de5470e431495171cdf
                0x000000000001c970                libcudart_static_b419c18bfa1375516f2e8913ad2cf61b1ec59dee
                0x000000000001ca10                libcudart_static_90f8be5270c3e41f63afcf4f3929737bff33c04f
                0x000000000001ca90                libcudart_static_9950a3c79eff7d7db0750b72ba6a32b959444487
                0x000000000001cb10                libcudart_static_304e251b1ef6a7009566d11124320fed5f506088
                0x000000000001cbb0                libcudart_static_ef885e07e03cc729e5d83b40b1567aa2599d02ff
                0x000000000001cc30                libcudart_static_04a9505fd0c5f54fa4d4be741eb05c739f49178c
                0x000000000001ccb0                libcudart_static_22cef94c031c1dbf8d526520b0ee275d7fb6bf67
                0x000000000001cd30                libcudart_static_df6129aea482ae6479c7782d99006fe8b4cadb10
                0x000000000001cd90                libcudart_static_7ed8fde4946d39cfa1232cbe0ca86d8eb29022e6
                0x000000000001cdf0                libcudart_static_efaee17e2b19c2bff116822a7b34c62a6828fc3f
                0x000000000001ce50                libcudart_static_c9ca010a139114812d5e4315e68012821ea79e3b
                0x000000000001cec0                libcudart_static_937d532074325db2c43bf186eee12cddcc444062
                0x000000000001cf30                libcudart_static_0caa701eabc2ae7635fc7032aa41d0883160dcc1
                0x000000000001d020                libcudart_static_94e07c247f20de1baa51004c01fc3c9fd92402ca
                0x000000000001d170                libcudart_static_fbe7cf22937a2a6b11e8bafb9deecf79992483c3
                0x000000000001d1e0                libcudart_static_da284d0a6fbf842d889b193ccc68a66ba2cc307f
                0x000000000001d250                libcudart_static_17a1b9006246eb96ec16461d991eafe4bc22ce13
                0x000000000001d2d0                libcudart_static_8f4f8e2775d92d3e8956dc3d906eb208a523a573
                0x000000000001d350                libcudart_static_eb46e5ca2e00d8f79e3f161f2c1913b6c97815e5
                0x000000000001d3c0                libcudart_static_a335dd26aefd82713ef8798800e5b0c0c4399326
                0x000000000001d440                libcudart_static_ccdb1cbd228dbd362f12fd4461cb5393ae411646
                0x000000000001d4b0                libcudart_static_c040d1f4884d0b931710e754253038a3fc0dd1b2
                0x000000000001d530                libcudart_static_064071eaced63ab29b8e1c081a306e28eb8bed25
                0x000000000001d5b0                libcudart_static_e1dd7cde1ea0e0bd3fdc7fd95e693b27b9901bc8
                0x000000000001d630                libcudart_static_7850de2291b03a79e2b26cca8a812dd7721a00e1
                0x000000000001d6b0                libcudart_static_5e3ece917a407a0137cda48c7d0c069280139952
                0x000000000001d730                libcudart_static_f9686793a5e809edf9ce21919af72da40c14558c
                0x000000000001d790                libcudart_static_3e45c59a2e8f97a77d8f5a68e115126b1450c788
                0x000000000001d800                libcudart_static_53aaa4a082816f0da884e0a9f8bcad3c24494f7a
                0x000000000001d870                libcudart_static_8e0ce7371c67543820880239e94d56ad47c6f844
                0x000000000001d910                libcudart_static_4bc6c36ae9e60aebe8d16a3831da21feafa5800a
                0x000000000001d980                libcudart_static_72f8aff7a00f2a0101e08116af44c2609e109ae6
                0x000000000001d9f0                libcudart_static_79007b61795c0bffcff9c47e3253f45d434ef9af
                0x000000000001da60                libcudart_static_819ffdfa04e6f9009934b05d154206104c153ab1
                0x000000000001dba0                libcudart_static_f4fa78622d3a720ec282942b943e71080d439a6d
                0x000000000001dc80                libcudart_static_b4dd5c7c7e90441fcb9d5800793f27a2def34ddc
                0x000000000001dec0                libcudart_static_f8d8202ee1eb48b4d0a09de53120a396ae906327
                0x000000000001e0f0                libcudart_static_13c3a42c8f67739ce503252650f5baeca4b0b8fe
                0x000000000001e220                libcudart_static_42f469dd77ac1f71fdfdcfb2ec8f2c1dfcdfea07
                0x000000000001e2f0                libcudart_static_45e68589a16aa098387917c4fde29839a58372e8
                0x000000000001e390                libcudart_static_e90d31e0b4762bd8b21a9a6e7adc56994ee04f65
                0x000000000001e420                libcudart_static_14019aab6349468888791a7b1c7ab43c2a95d62c
                0x000000000001e4b0                libcudart_static_2c0034bd5d480ab1f5d33e3eec2533853fa8b762
                0x000000000001e540                libcudart_static_980caf15ea96a66ea296a901a777eeeae11edc5e
                0x000000000001e5d0                libcudart_static_cb2ef94609bcbc36b14475282ffdcebc0207ac78
                0x000000000001e660                libcudart_static_fca93a461c081944fda73f4bc42467210e846589
                0x000000000001e6c0                libcudart_static_bdcc0f07ab5307756ba041da346d15065fd39da2
                0x000000000001e720                libcudart_static_ae71ae215855bab7db7b97b6475ebd7bf0eafcab
                0x000000000001e790                libcudart_static_c8762bc465052e17cf5e2a9e2f8556be48588a2c
                0x000000000001e800                libcudart_static_9bbdd5ca4a7c063204936dc6c5907f47dcddbefb
                0x000000000001e870                libcudart_static_88e030df28b70d99c880814b8cdd9dbec4666770
                0x000000000001e8e0                libcudart_static_c252ed9cb831aa5dcf8b9f755d8bd06045640941
                0x000000000001e940                libcudart_static_394bb5a1c816afcdedc9cf0adef069efbc351fab
                0x000000000001e9a0                libcudart_static_1584393bb0c3e2f2556116593999dc6af338ba56
                0x000000000001ea10                libcudart_static_05902afb70331f5262cbdb3171c40c03a21ab830
                0x000000000001ea80                libcudart_static_d9e5ec9d0c7f22a8646cbfcc5353715ec148a031
                0x000000000001eb10                libcudart_static_240ebc14a5a9586ffac4db793a615f584d3392af
                0x000000000001eba0                libcudart_static_412ada5174c054d91c57371e1445439157d9ad47
                0x000000000001ec10                libcudart_static_d6344351f519afe2d30a8a336bd505af33e646d6
                0x000000000001ec80                libcudart_static_5a4865b7cf17d0422c45e74a58e0da323ffb5b05
                0x000000000001ece0                libcudart_static_9c50cdbe0d11146f99923b7d792fc7c85fb0bd3f
                0x000000000001ed30                libcudart_static_b3b0b4468e068cdb998db52b88aa5db9e5ac22f6
                0x000000000001ee00                libcudart_static_13958e67ccd72df7ad1ee2771c165b164d9122b1
                0x000000000001eed0                libcudart_static_fd9e53aa84b96471257461a046fde0073aff3ddb
                0x000000000001efc0                libcudart_static_3ad7928907f28bb0329f2b0a3acd4d986dc4faf3
                0x000000000001f0b0                libcudart_static_a4eca98142ee9a3e208751680a971125b9623c97
                0x000000000001f1b0                libcudart_static_f6f9adb6a437f1d81a2d68f8068bf9a719cf493e
                0x000000000001f2b0                libcudart_static_4a007789dee08a35116ab0f4b530fb21c35659c9
                0x000000000001f3b0                libcudart_static_e6076f16f14ea77084e1810704a9666b6877b468
                0x000000000001f4b0                libcudart_static_54b1f2342969928bc5e4af68c1c61b5cffa736b8
                0x000000000001f530                libcudart_static_d947b8e606997c5196798ab4ae3330958cf7db70
                0x000000000001f5b0                libcudart_static_59ab45b2c0cde57786ae6e8e959cec90a7c216dd
                0x000000000001f630                libcudart_static_039517f5e6f5cca93798f1743483c3584002ddbb
                0x000000000001f6b0                libcudart_static_31df2e2b948b425ba97404c3bd3a914bf98e1805
                0x000000000001f720                libcudart_static_0167d5d750c2f8b3b59e4d6c946dde51a304756e
                0x000000000001f740                libcudart_static_47d672c1dd6972be33181da6bdd8eff233a987c9
                0x000000000001f7f0                libcudart_static_753190f3448bc2b67c38e88e5d140d9a766a5f96
                0x000000000001f860                libcudart_static_fb9d1884ea9347795b17fb47e120c7cffdeaa0ee
                0x000000000001f8c0                libcudart_static_33d9563017c30e7f77ffeedf95e64c9c6293665d
                0x000000000001f920                libcudart_static_f196ad5b0ca228d0e51d7970781f8d7f2cc72a22
                0x000000000001f980                libcudart_static_ffb73ce53294dcc645ee21f228bc10350c998bed
                0x000000000001f9e0                libcudart_static_1b162cdc3e6ac66db1e508b68ca3943e8131cd2a
                0x000000000001fa40                libcudart_static_d29ba8d496d59c305e98a4962d428b946800b49a
                0x000000000001fb60                libcudart_static_259d9628dbb1d087e6c014adf46ed500509de916
                0x000000000001fc90                libcudart_static_7b778ef92220f1e2816480b16ca450b57bc88b28
                0x000000000001fd90                libcudart_static_dde28759cb3478920afe24a5cfe5ffd4bcba899a
                0x000000000001fe90                libcudart_static_ba7b132a63ec902729d4dec9c4871d1be4e62d6b
                0x000000000001ff20                libcudart_static_9abc0e2424455421e545e819baac61816b439963
                0x000000000001ffb0                libcudart_static_83b478035bb816ebca15fda6c6fd8d1be4b0bb16
                0x0000000000020020                cudaGetExportTable
                0x0000000000020070                __cudaRegisterFatBinary
                0x00000000000200a0                __cudaRegisterFatBinaryEnd
                0x00000000000200d0                __cudaUnregisterFatBinary
                0x0000000000020110                __cudaRegisterVar
                0x0000000000020190                __cudaRegisterManagedVar
                0x0000000000020210                __cudaRegisterHostVar
                0x0000000000020250                __cudaRegisterFunction
                0x00000000000202c0                __cudaInitModule
                0x0000000000020390                __cudaPushCallConfiguration
                0x0000000000020420                __cudaPopCallConfiguration
                0x00000000000204e0                __cudaGetKernel
                0x0000000000020550                __cudaLaunchKernel
                0x0000000000020560                __cudaLaunchKernel_ptsz
                0x0000000000020570                __cudaRegisterUnifiedTable
                0x0000000000020be0                libcudart_static_75850eae7f28cc1e55e9fe1048eae31a136b4f28
                0x00000000000236b0                libcudart_static_50374f4ee1a016946da1e25d7be58d2655de05d7
                0x00000000000236b0                libcudart_static_59841e4f6353060d05656ff640865c37fa9e75ff
                0x00000000000236d0                libcudart_static_5126fa4855e2cb1933fb3a62b9d8253637eeebda
                0x00000000000236d0                libcudart_static_4a706318686f64fff74510ce8ac902159f77d2c2
                0x00000000000236f0                libcudart_static_147fd9a1dbf28ff3516c17c18a672de76a15fdd7
                0x00000000000236f0                libcudart_static_f58d78189b32a9cdecfddbc61123ea854f3322ec
                0x0000000000023760                libcudart_static_f3c292b6153bf43f50a532b8ac436083db562d6f
                0x0000000000023870                libcudart_static_963dbe518da27ad62a57079a1a0c90814a2710ec
                0x00000000000238c0                libcudart_static_972898e17ca59965f492b59106c8015842175ef1
                0x0000000000023940                libcudart_static_3897a3ef75e028bfeabe84cc9557d1b3c1f9189c
                0x0000000000023ab0                libcudart_static_405e80646114e144c7ba15c6b7e0aacccdb59dc7
                0x0000000000024530                libcudart_static_418eebf4e9b7463362b8385a31d08da131d0ea88
                0x0000000000024570                libcudart_static_d83112b48ad6c0c45820fdbef0d64eff96bd4715
                0x0000000000024b20                libcudart_static_10dac524d435aadb0bb1119bd5c2fe1ba79a73e8
                0x0000000000030ba0                libcudart_static_aa4a6bcb5fce58be20d542d9b467101e0a9360a5
                0x0000000000030d30                libcudart_static_0bf7336e71b5df655f7fe4ef2dea52179e6fcf82
                0x0000000000031190                libcudart_static_18b2506fb827f7d14fb569d87fa531d9c7475aac
                0x0000000000031da0                libcudart_static_80bb63be339e53f079b09a70b2985306b44b0afa
                0x0000000000031da0                libcudart_static_ec964c5a6f2f07d02d98f0ef7a6fae5575d2f352
                0x0000000000031e70                libcudart_static_99a84484ba9142cf98dd946a2771a22358685563
                0x0000000000031e70                libcudart_static_ba5248a5a6bd97fbb376f671dc130e34f94226c9
                0x0000000000033330                libcudart_static_c110d1e0e2ae52173086965841533e57d1e5fded
                0x0000000000033360                libcudart_static_1ba72940c71e33000609e70f2d4815ed07c746c5
                0x00000000000336c0                libcudart_static_009a103bf0390f205162ce6b644a1fc9070c5ae7
                0x0000000000033a20                libcudart_static_252eaf4e4cb7cb584d2040de8f2f86746e6ec606
                0x0000000000033ab0                libcudart_static_0b128daca035e93942d74842b8bd50fdfa8a240a
                0x0000000000034350                libcudart_static_58c61c4f87da7c35f76ee0f1270c6e8e2eaa0ab1
                0x0000000000034390                libcudart_static_2d9184c09481561aad56702033c1557d202d5ec0
                0x0000000000034470                libcudart_static_6c801a42fb3decffab451589a2ac93a22b41c3ef
                0x0000000000034550                libcudart_static_403615965620dea3cb1ebcc9b1da3291422bc2d9
                0x0000000000034600                libcudart_static_ee75ef2eb480859bfa59035b5da4de8e90931316
                0x00000000000346c0                libcudart_static_2da54112d4b613bf869630bd049efb4ce33d0b6c
                0x00000000000346f0                libcudart_static_bc3ab04d58f69d69f683b7a5bd74306a5f246783
                0x00000000000346f0                libcudart_static_ff605ab97b96ab528ce5a7bca18c5d76d3e48080
                0x0000000000034700                libcudart_static_60e2aca2a19b9f181a9f67f6551293a85cd544f8
                0x0000000000034700                libcudart_static_4c5df527363ad666532caed5905be5fc18ce8c32
                0x0000000000034770                libcudart_static_1bae97358ecc07a010d28b495cb5ee35353cafae
                0x00000000000347e0                libcudart_static_76a125a71b5a557a55dda5b7bcab25d92df5527b
                0x0000000000034800                libcudart_static_114d9cfa58f4beeac1398d86ae80b153920362d0
                0x0000000000034840                libcudart_static_218022540610ea68b33500e9621b9316652b9474
                0x00000000000348e0                libcudart_static_ab83cda3b0b92833247b7e9aae58b3bffb950f40
                0x00000000000349c0                libcudart_static_cc98fd32adb8becec54069f4e1382e1c89cc974a
                0x0000000000034a00                libcudart_static_3462ca48ad275c7505baca405edcaaf7cf0dfb14
                0x0000000000036410                libcudart_static_4c573df439a7675747de4ac8a0dfd2077e471dc7
                0x0000000000036540                libcudart_static_a18a1a9e7aa749169a65409d638e10b9bd849c48
                0x0000000000036570                libcudart_static_37a0193ea197bbbd83d9621d3f0950728c641d56
                0x0000000000036730                libcudart_static_dc1649d3b10aa81ceb20adbb1034ad674b528835
                0x0000000000036790                libcudart_static_5d14875c10d43681d67f6ace3b6f731fee4f78cd
                0x0000000000036bd0                libcudart_static_b2ed8d6b741d426de12c023ace2bf1d4ee8d6ca5
                0x0000000000036c60                libcudart_static_d785b12dfb271fceaafec46559445a6dcc3a2549
                0x0000000000036d20                libcudart_static_6f97ac2ef0fa7ed82dbb2bebf9ebdc52e306101a
                0x0000000000036d30                libcudart_static_c8c58655fe237b88dca1864bea3cd001f74573f4
                0x0000000000036d50                libcudart_static_0c26fcb14a578bdcc02f7175892711b93b6211aa
                0x0000000000036d60                libcudart_static_cd374e5431b3b2c51eb3011e9592dc24001b1b8a
                0x0000000000036e30                libcudart_static_b60ce2d80dde8c1e6fff7ce91e79df7041571f2c
                0x0000000000036f00                libcudart_static_691c08e8649dc40922a6fae3c74d97e4b6c58c7b
                0x0000000000036f30                libcudart_static_bf75d3fb4d1836f42a3c2a8a3f9a215f76cf2991
                0x0000000000036f60                libcudart_static_bc00e2a8439fb0c89a6124e47b71baa6c2c1561e
                0x0000000000036f60                libcudart_static_1846a4a51292645bacfa4f99651563f4cfeb72eb
                0x0000000000036fb0                libcudart_static_4b077e08018b6d0fcf5667ce57f2baf06e806d98
                0x0000000000036fb0                libcudart_static_3632e4266ff081452faa85b56a2ff7736d8f6f90
                0x0000000000036ff0                libcudart_static_8846239b87eac4d4994c590436c3809bd9c4da16
                0x0000000000037000                libcudart_static_1ac887143a9696ff49bf391c58607c4a53d5a917
                0x0000000000037040                libcudart_static_0015af517c6b0ea12fc26b0200f981fa0b7ad4b2
                0x0000000000037140                libcudart_static_8c6f8a1269a516b1da2ef92c55996bed296a1bd2
                0x0000000000037240                libcudart_static_a4ee1a555c198ffe3e52eafec8be9f1e948110d0
                0x0000000000037240                libcudart_static_7e62c988f94c5044ca1f93d08e856a29ee10e195
                0x00000000000372d0                libcudart_static_1f17b7595024bba11421e110bd8c06bebe5bd469
                0x00000000000372d0                libcudart_static_98a46585d88f322c3c5cc3b5ac6e3ddb5d946887
                0x0000000000037920                libcudart_static_ac93fa8b23bbb91cfe333a0b85e137c10300e424
                0x0000000000037a20                libcudart_static_2369b246cc952badcfa5311ee4767fae824f7e57
                0x0000000000037bd0                libcudart_static_cedd55564cbba51550c6188cb39110cecb614947
                0x0000000000038230                libcudart_static_868c5e42725f73d5891f87788394345e4898dd12
                0x00000000000384e0                libcudart_static_492e7e682d9588a0f38049487efb74eec4e15dde
                0x00000000000385f0                libcudart_static_6afaae3438635b41d2da1ffb2fb2a9c1de849cf6
                0x0000000000038700                libcudart_static_1730c65cd8c33285d2db3baf0c5ad8a3a79bb8f2
                0x0000000000039310                libcudart_static_b219bbfad91f6030631237d8e863d3716cd2eec4
                0x0000000000039400                libcudart_static_2482ecad63b060cec9ae6e7087f945c7bf1f701b
                0x00000000000395a0                libcudart_static_4bf676dde1fc86e251a172a4d11f12c36ebe052b
                0x0000000000039790                libcudart_static_1ac9666ae3228d9176f202470af86cd7d141880d
                0x000000000003a300                libcudart_static_9b80b0c9d277af7c4fc78d2a27f91d6c39653fea
                0x000000000003a6a0                libcudart_static_7d13939192e3f204755a6b7d3ffa2702cd991c58
                0x000000000003aa40                libcudart_static_64e6065cc700b21ed7c18f4f5d6b380abeac3b78
                0x000000000003b280                libcudart_static_36ecffef451fb2da0dfc7cde338d9561352294f7
                0x000000000003b4a0                libcudart_static_5c2db390a80217934040b55cddb012b4c3385cb0
                0x000000000003b8d0                libcudart_static_1336c83821286b166bd4d2d76123f996491af24e
                0x000000000003c420                libcudart_static_235eb9a54d08c06fbd6d0f7333470b9c22850066
                0x000000000003ccd0                libcudart_static_5182f0612abf97ba8c4c34a452a25a3914d0bdd0
                0x000000000003d5a0                libcudart_static_42c06717b9ed6fd4b8a1e00aff116e98da2ddc7f
                0x000000000003d6e0                libcudart_static_bd3f8e45deeb87ae2610db15cb01148f131506fe
                0x000000000003d8d0                libcudart_static_5449a5077e9603031b6d1a024d25647afd27a0ba
                0x000000000003da20                libcudart_static_789c7e2d1d363ce9ba0a7cb3fa664ecd00bd7093
                0x000000000003da90                libcudart_static_ad9262876fc0252a7a95dbc876859d40746b0b56
                0x000000000003dcf0                libcudart_static_aa1009c00ed674ea5549aec2fe947f8983789fac
                0x000000000003dd20                libcudart_static_0298c82c2411f5e795c88f74085a1f54bd2ce581
                0x000000000003de40                libcudart_static_f42823eff6fdf8256206ff5074e0e1ff34faa0d6
                0x000000000003e150                libcudart_static_817f7f547acc72192670add600f50c96569de230
                0x000000000003e6e0                libcudart_static_feac7ad6ac7bb0c19f3525629332495d0395e575
                0x000000000003ea00                libcudart_static_35d46c50de295554f3b174a5780109d274b3dadf
                0x000000000003ea60                libcudart_static_ea3eded7eefab347c4da8808aa08c53458c3ca5d
                0x000000000003ed90                libcudart_static_6551d10f2045f247eb1d3aace158b32d725d1e71
                0x000000000003f0c0                libcudart_static_80fd24ddd9f12e3a41fc271a3e0153ddb1b85829
                0x000000000003f970                libcudart_static_2207bb9c0d70ebfe39913c2b689ba85f9c2b3228
                0x0000000000040320                libcudart_static_2310668c47d6f4457a6081fe2193ae3ce5ab911c
                0x0000000000040cc0                libcudart_static_37b4175e3368622532337677b993e8c3cdcad9c7
                0x0000000000040e80                libcudart_static_7c31c90281509fd08ada8ac6a8a426995cf12c44
                0x0000000000041300                libcudart_static_77a9cbac777f78a0b1442da52f8a08da55fd68d6
                0x0000000000041920                libcudart_static_19d132c815f85334ee1756d16281ce95ea02e148
                0x00000000000419f0                libcudart_static_55933408c48f6331937ba85ffd39e8ce2f0d75bd
                0x0000000000041b10                libcudart_static_9760db43f506ad5dfeb94fe8e0178b6357a850a0
                0x0000000000041ee0                libcudart_static_0056bd523cc9f704dca4e91ee8c0547f1309e92f
                0x0000000000041ef0                libcudart_static_cd7c91532a2584d2b4fe9ce1889e54f5578a09f6
                0x0000000000041fd0                libcudart_static_1e097129021a30eb455613b33ade9eaf6a9bd243
                0x00000000000427c0                libcudart_static_5c4efc2ef34ff3d8c74dea10c035c32c3488ee7e
                0x0000000000042870                libcudart_static_7844ba61b5199c1a774920d14a869de661d18e01
                0x0000000000043590                libcudart_static_e72d922d4adf9547de5de97f2fd4fbb985c31a43
                0x0000000000043a80                libcudart_static_806b5fb1b92839e1421e30df464ce97f72fcc100
                0x0000000000044050                libcudart_static_1ab6b8ba540e44ed023f1aa789e8b4c440e8f1dd
                0x0000000000044570                libcudart_static_2086eed45c58ae3469eaf611a4b033fd2cf34961
                0x0000000000044b50                libcudart_static_dcabf0667e15fc60eea182b89691c21b269ebea1
                0x0000000000045130                libcudart_static_26569f8735daf62345ddca5340a1d88784594dee
                0x0000000000045710                libcudart_static_666f2d04e6264b1aad89e7e6c70f2a00ab426468
                0x0000000000045d00                libcudart_static_a1d7d07cb072735639808c21aa73f5f5c8706870
                0x00000000000462f0                libcudart_static_2ec94c8c92cc8f907a18af24b2e2220f04b2f1fb
                0x0000000000046ae0                libcudart_static_a566c078692988940b926e04b271684ac3061b2f
                0x00000000000472d0                libcudart_static_28b60c4d80b48e8472f72c08e4698b537a0d6e3d
                0x0000000000047ab0                libcudart_static_f142671d15ec9cb27e648d1619da3cdda63e280c
                0x0000000000048270                libcudart_static_ccfe090ac6564290cc407e6e618d9a92d0499bab
                0x00000000000484d0                libcudart_static_39abd76966a8cfe15b261c5341cb8f3d4397f213
                0x00000000000484f0                libcudart_static_5382377d5c772c9d197c0cda9fd9742ee6ad893c
                0x0000000000048550                libcudart_static_dd7c6bfd64e486ac0b13293679bb2b3a416f8f8b
                0x00000000000485b0                libcudart_static_fac263ac15a6717e4165835c3ae6d463859e2f23
                0x00000000000485e0                libcudart_static_3379973baff0849ee3fa8451bb362d32d30d139a
                0x0000000000048600                libcudart_static_8b73e19b9b6fb2b44091792b23d85fe1faddb831
                0x0000000000048660                libcudart_static_ebefc60b9b0e9ae42d1acb84c209bfbf5d9232d4
                0x00000000000486e0                libcudart_static_3874f5533f709720bf1b7fc6982c39a6595b6c8b
                0x0000000000048700                libcudart_static_c9de92b719200ece6bb0094448ea0fc20e3388c8
                0x0000000000048890                libcudart_static_cd543aef7e094d5eb2a4778f766c85fa67b52f10
                0x0000000000048a20                libcudart_static_e760a7280bc1af45ef561886abc194823c5edadb
                0x0000000000048b70                libcudart_static_1310e5fb72b7ef3b631832b7a0c7e3ebdd0f4cc9
                0x0000000000048cc0                libcudart_static_f74464c939d62bc41b7ee4aa62d29003f7881c10
                0x0000000000048d40                libcudart_static_8c6a7f7ac08fb22f9220aeebb14beff44fd4a206
                0x0000000000048e20                libcudart_static_c7069eb0f366e48aabf6523aac98ec66807a66e1
                0x0000000000048f30                libcudart_static_1afcb39d6ef00c58ddef6a72b87cd47891c72a55
                0x0000000000049040                libcudart_static_81802d30ecc8e255537a4f41a2ba1ad72fc22354
                0x0000000000049180                libcudart_static_c18308b620fb5f9a5c78dd2c8e8932c7be66c2e9
                0x00000000000491e0                libcudart_static_9358e07e5bc1a9ad60adde991f454b01a9b566ab
                0x0000000000049260                libcudart_static_8db6bec9ed1e7fd3acf71459cb065c4ce8fda22e
                0x00000000000496c0                libcudart_static_79f8f2b7fb48b442235a3a3fd28fb3624867db74
                0x0000000000049ba0                libcudart_static_bb4891c5aa02b25a0cbdaa27c62fd6ebd88c1f5a
                0x000000000004a440                libcudart_static_62bf97ede6676c12dc2198cbd9638c874b553f59
                0x000000000004a4b0                libcudart_static_fca1b0894a32e482d29975823477c8ddbd44e922
                0x000000000004a520                libcudart_static_3e3e0cdcb7157bcc1517bd75ca7337383cefa047
                0x000000000004a5b0                libcudart_static_3f103a57ddfd507ee35d808442f58b48a84ecb0e
                0x000000000004a640                libcudart_static_b4edcbf375967f5fb986db8e8bdc973f92f75eee
                0x000000000004abc0                libcudart_static_81ce39fdd8a76809fdfb6fec7b2257b3b067aece
                0x000000000004b010                libcudart_static_f0f17dd2caa87e43965bc76557e6b5c5c54aac60
                0x000000000004b3a0                libcudart_static_84455ef645bd64118bdb5d7187c33a7e3780ec53
                0x000000000004b3f0                libcudart_static_d99c35b00eb0bcb7fd03131bd02848bb89fcd690
                0x000000000004b5f0                cudaDeviceReset
                0x000000000004b760                cudaDeviceSynchronize
                0x000000000004b8d0                cudaDeviceSetLimit
                0x000000000004baa0                cudaDeviceGetLimit
                0x000000000004bc70                cudaDeviceGetTexture1DLinearMaxWidth
                0x000000000004be60                cudaDeviceGetCacheConfig
                0x000000000004c020                cudaDeviceGetStreamPriorityRange
                0x000000000004c1f0                cudaDeviceSetCacheConfig
                0x000000000004c3b0                cudaDeviceGetByPCIBusId
                0x000000000004c580                cudaDeviceGetPCIBusId
                0x000000000004c770                cudaIpcGetEventHandle
                0x000000000004c940                cudaIpcOpenEventHandle
                0x000000000004cb90                cudaIpcGetMemHandle
                0x000000000004cd60                cudaIpcOpenMemHandle
                0x000000000004cfd0                cudaIpcCloseMemHandle
                0x000000000004d190                cudaDeviceFlushGPUDirectRDMAWrites
                0x000000000004d360                cudaDeviceRegisterAsyncNotification
                0x000000000004d570                cudaDeviceUnregisterAsyncNotification
                0x000000000004d740                cudaDeviceGetSharedMemConfig
                0x000000000004d900                cudaDeviceSetSharedMemConfig
                0x000000000004dac0                cudaThreadExit
                0x000000000004dc30                cudaThreadSynchronize
                0x000000000004dda0                cudaThreadSetLimit
                0x000000000004df70                cudaThreadGetLimit
                0x000000000004e140                cudaThreadGetCacheConfig
                0x000000000004e300                cudaThreadSetCacheConfig
                0x000000000004e4c0                cudaGetLastError
                0x000000000004e630                cudaPeekAtLastError
                0x000000000004e7a0                cudaGetErrorName
                0x000000000004e900                cudaGetErrorString
                0x000000000004ea60                cudaGetDeviceCount
                0x000000000004ec10                cudaGetDeviceProperties_v2
                0x000000000004ede0                cudaDeviceGetAttribute
                0x000000000004efd0                cudaDeviceGetDefaultMemPool
                0x000000000004f1a0                cudaDeviceSetMemPool
                0x000000000004f370                cudaDeviceGetMemPool
                0x000000000004f540                cudaDeviceGetNvSciSyncAttributes
                0x000000000004f730                cudaDeviceGetP2PAttribute
                0x000000000004f940                cudaChooseDevice
                0x000000000004fb10                cudaInitDevice
                0x000000000004fd00                cudaSetDevice
                0x000000000004feb0                cudaGetDevice
                0x0000000000050060                cudaSetValidDevices
                0x0000000000050230                cudaSetDeviceFlags
                0x00000000000503e0                cudaGetDeviceFlags
                0x00000000000505a0                cudaStreamCreate
                0x0000000000050760                cudaStreamCreateWithFlags
                0x0000000000050930                cudaStreamCreateWithPriority